55917d4f7000-55917d514000 r-xp 00000000 08:06 542715                     /usr/lib/firefox/firefox
Size:                116 kB
Rss:                 100 kB
Pss:                 100 kB
Shared_Clean:          0 kB
Shared_Dirty:          0 kB
Private_Clean:       100 kB
Private_Dirty:         0 kB
Referenced:          100 kB
Anonymous:             0 kB
AnonHugePages:         0 kB
Shared_Hugetlb:        0 kB
Private_Hugetlb:       0 kB
Swap:                  0 kB
SwapPss:               0 kB
KernelPageSize:        4 kB
MMUPageSize:           4 kB
Locked:                0 kB
VmFlags: rd ex mr mw me dw sd 
55917d713000-55917d714000 r--p 0001c000 08:06 542715                     /usr/lib/firefox/firefox
Size:                  4 kB
Rss:                   4 kB
Pss:                   4 kB
Shared_Clean:          0 kB
Shared_Dirty:          0 kB
Private_Clean:         0 kB
Private_Dirty:         4 kB
Referenced:            4 kB
Anonymous:             4 kB
AnonHugePages:         0 kB
Shared_Hugetlb:        0 kB
Private_Hugetlb:       0 kB
Swap:                  0 kB
SwapPss:               0 kB
KernelPageSize:        4 kB
MMUPageSize:           4 kB
Locked:                0 kB
VmFlags: rd mr mw me dw ac sd 
55917d714000-55917d715000 rw-p 0001d000 08:06 542715                     /usr/lib/firefox/firefox
Size:                  4 kB
Rss:                   4 kB
Pss:                   4 kB
Shared_Clean:          0 kB
Shared_Dirty:          0 kB
Private_Clean:         0 kB
Private_Dirty:         4 kB
Referenced:            4 kB
Anonymous:             4 kB
AnonHugePages:         0 kB
Shared_Hugetlb:        0 kB
Private_Hugetlb:       0 kB
Swap:                  0 kB
SwapPss:               0 kB
KernelPageSize:        4 kB
MMUPageSize:           4 kB
Locked:                0 kB
VmFlags: rd wr mr mw me dw ac sd 
7f5b1c200000-7f5b1c900000 rw-p 00000000 00:00 0 
Size:               7168 kB
Rss:                7168 kB
Pss:                7168 kB
Shared_Clean:          0 kB
Shared_Dirty:          0 kB
Private_Clean:         0 kB
Private_Dirty:      7168 kB
Referenced:         7168 kB
Anonymous:          7168 kB
AnonHugePages:      6144 kB
Shared_Hugetlb:        0 kB
Private_Hugetlb:       0 kB
Swap:                  0 kB
SwapPss:               0 kB
KernelPageSize:        4 kB
MMUPageSize:           4 kB
Locked:                0 kB
VmFlags: rd wr mr mw me ac sd 
7f5b1d100000-7f5b1d200000 rw-p 00000000 00:00 0 
Size:               1024 kB
Rss:                  44 kB
Pss:                  44 kB
Shared_Clean:          0 kB
Shared_Dirty:          0 kB
Private_Clean:         0 kB
Private_Dirty:        44 kB
Referenced:           44 kB
Anonymous:            44 kB
AnonHugePages:         0 kB
Shared_Hugetlb:        0 kB
Private_Hugetlb:       0 kB
Swap:                  0 kB
SwapPss:               0 kB
KernelPageSize:        4 kB
MMUPageSize:           4 kB
Locked:                0 kB
VmFlags: rd wr mr mw me ac sd 
7f5b2d200000-7f5b2d300000 rw-p 00000000 00:00 0 
Size:               1024 kB
Rss:                1024 kB
Pss:                1024 kB
Shared_Clean:          0 kB
Shared_Dirty:          0 kB
Private_Clean:         0 kB
Private_Dirty:      1024 kB
Referenced:         1024 kB
Anonymous:          1024 kB
AnonHugePages:         0 kB
Shared_Hugetlb:        0 kB
Private_Hugetlb:       0 kB
Swap:                  0 kB
SwapPss:               0 kB
KernelPageSize:        4 kB
MMUPageSize:           4 kB
Locked:                0 kB
VmFlags: rd wr mr mw me ac sd 
7f5b2e400000-7f5b2e600000 rw-p 00000000 00:00 0 
Size:               2048 kB
Rss:                1360 kB
Pss:                1360 kB
Shared_Clean:          0 kB
Shared_Dirty:          0 kB
Private_Clean:         0 kB
Private_Dirty:      1360 kB
Referenced:         1360 kB
Anonymous:          1360 kB
AnonHugePages:         0 kB
Shared_Hugetlb:        0 kB
Private_Hugetlb:       0 kB
Swap:                  0 kB
SwapPss:               0 kB
KernelPageSize:        4 kB
MMUPageSize:           4 kB
Locked:                0 kB
VmFlags: rd wr mr mw me ac sd 
7f5b35900000-7f5b35a00000 rw-p 00000000 00:00 0 
Size:               1024 kB
Rss:                  44 kB
Pss:                  44 kB
Shared_Clean:          0 kB
Shared_Dirty:          0 kB
Private_Clean:         0 kB
Private_Dirty:        44 kB
Referenced:           44 kB
Anonymous:            44 kB
AnonHugePages:         0 kB
Shared_Hugetlb:        0 kB
Private_Hugetlb:       0 kB
Swap:                  0 kB
SwapPss:               0 kB
KernelPageSize:        4 kB
MMUPageSize:           4 kB
Locked:                0 kB
VmFlags: rd wr mr mw me ac sd 
7f5b37c00000-7f5b37d00000 rw-p 00000000 00:00 0 
Size:               1024 kB
Rss:                 512 kB
Pss:                 512 kB
Shared_Clean:          0 kB
Shared_Dirty:          0 kB
Private_Clean:         0 kB
Private_Dirty:       512 kB
Referenced:          512 kB
Anonymous:           512 kB
AnonHugePages:         0 kB
Shared_Hugetlb:        0 kB
Private_Hugetlb:       0 kB
Swap:                  0 kB
SwapPss:               0 kB
KernelPageSize:        4 kB
MMUPageSize:           4 kB
Locked:                0 kB
VmFlags: rd wr mr mw me ac sd 
7f5b3a500000-7f5b3a600000 rw-p 00000000 00:00 0 
Size:               1024 kB
Rss:                  12 kB
Pss:                  12 kB
Shared_Clean:          0 kB
Shared_Dirty:          0 kB
Private_Clean:         0 kB
Private_Dirty:        12 kB
Referenced:           12 kB
Anonymous:            12 kB
AnonHugePages:         0 kB
Shared_Hugetlb:        0 kB
Private_Hugetlb:       0 kB
Swap:                  0 kB
SwapPss:               0 kB
KernelPageSize:        4 kB
MMUPageSize:           4 kB
Locked:                0 kB
VmFlags: rd wr mr mw me ac sd 
7f5b43900000-7f5b43c00000 rw-p 00000000 00:00 0 
Size:               3072 kB
Rss:                3072 kB
Pss:                3072 kB
Shared_Clean:          0 kB
Shared_Dirty:          0 kB
Private_Clean:         0 kB
Private_Dirty:      3072 kB
Referenced:         3072 kB
Anonymous:          3072 kB
AnonHugePages:      2048 kB
Shared_Hugetlb:        0 kB
Private_Hugetlb:       0 kB
Swap:                  0 kB
SwapPss:               0 kB
KernelPageSize:        4 kB
MMUPageSize:           4 kB
Locked:                0 kB
VmFlags: rd wr mr mw me ac sd 
7f5b44f00000-7f5b45100000 rw-p 00000000 00:00 0 
Size:               2048 kB
Rss:                2048 kB
Pss:                2048 kB
Shared_Clean:          0 kB
Shared_Dirty:          0 kB
Private_Clean:         0 kB
Private_Dirty:      2048 kB
Referenced:         2048 kB
Anonymous:          2048 kB
AnonHugePages:         0 kB
Shared_Hugetlb:        0 kB
Private_Hugetlb:       0 kB
Swap:                  0 kB
SwapPss:               0 kB
KernelPageSize:        4 kB
MMUPageSize:           4 kB
Locked:                0 kB
VmFlags: rd wr mr mw me ac sd 
7f5b49600000-7f5b49700000 rw-p 00000000 00:00 0 
Size:               1024 kB
Rss:                 384 kB
Pss:                 384 kB
Shared_Clean:          0 kB
Shared_Dirty:          0 kB
Private_Clean:         0 kB
Private_Dirty:       384 kB
Referenced:          384 kB
Anonymous:           384 kB
AnonHugePages:         0 kB
Shared_Hugetlb:        0 kB
Private_Hugetlb:       0 kB
Swap:                  0 kB
SwapPss:               0 kB
KernelPageSize:        4 kB
MMUPageSize:           4 kB
Locked:                0 kB
VmFlags: rd wr mr mw me ac sd 
7f5b50700000-7f5b50900000 rw-p 00000000 00:00 0 
Size:               2048 kB
Rss:                2024 kB
Pss:                2024 kB
Shared_Clean:          0 kB
Shared_Dirty:          0 kB
Private_Clean:         0 kB
Private_Dirty:      2024 kB
Referenced:         2024 kB
Anonymous:          2024 kB
AnonHugePages:         0 kB
Shared_Hugetlb:        0 kB
Private_Hugetlb:       0 kB
Swap:                  0 kB
SwapPss:               0 kB
KernelPageSize:        4 kB
MMUPageSize:           4 kB
Locked:                0 kB
VmFlags: rd wr mr mw me ac sd 
7f5b50c00000-7f5b50d00000 rw-p 00000000 00:00 0 
Size:               1024 kB
Rss:                 980 kB
Pss:                 980 kB
Shared_Clean:          0 kB
Shared_Dirty:          0 kB
Private_Clean:         0 kB
Private_Dirty:       980 kB
Referenced:          980 kB
Anonymous:           980 kB
AnonHugePages:         0 kB
Shared_Hugetlb:        0 kB
Private_Hugetlb:       0 kB
Swap:                  0 kB
SwapPss:               0 kB
KernelPageSize:        4 kB
MMUPageSize:           4 kB
Locked:                0 kB
VmFlags: rd wr mr mw me ac sd 
7f5b51e00000-7f5b51f00000 rw-p 00000000 00:00 0 
Size:               1024 kB
Rss:                1024 kB
Pss:                1024 kB
Shared_Clean:          0 kB
Shared_Dirty:          0 kB
Private_Clean:         0 kB
Private_Dirty:      1024 kB
Referenced:         1024 kB
Anonymous:          1024 kB
AnonHugePages:         0 kB
Shared_Hugetlb:        0 kB
Private_Hugetlb:       0 kB
Swap:                  0 kB
SwapPss:               0 kB
KernelPageSize:        4 kB
MMUPageSize:           4 kB
Locked:                0 kB
VmFlags: rd wr mr mw me ac sd 
7f5b56400000-7f5b56600000 rw-p 00000000 00:00 0 
Size:               2048 kB
Rss:                 752 kB
Pss:                 752 kB
Shared_Clean:          0 kB
Shared_Dirty:          0 kB
Private_Clean:         0 kB
Private_Dirty:       752 kB
Referenced:          752 kB
Anonymous:           752 kB
AnonHugePages:         0 kB
Shared_Hugetlb:        0 kB
Private_Hugetlb:       0 kB
Swap:                  0 kB
SwapPss:               0 kB
KernelPageSize:        4 kB
MMUPageSize:           4 kB
Locked:                0 kB
VmFlags: rd wr mr mw me ac sd 
7f5b59100000-7f5b59200000 rw-p 00000000 00:00 0 
Size:               1024 kB
Rss:                 348 kB
Pss:                 348 kB
Shared_Clean:          0 kB
Shared_Dirty:          0 kB
Private_Clean:         0 kB
Private_Dirty:       348 kB
Referenced:          348 kB
Anonymous:           348 kB
AnonHugePages:         0 kB
Shared_Hugetlb:        0 kB
Private_Hugetlb:       0 kB
Swap:                  0 kB
SwapPss:               0 kB
KernelPageSize:        4 kB
MMUPageSize:           4 kB
Locked:                0 kB
VmFlags: rd wr mr mw me ac sd 
7f5b60300000-7f5b60400000 rw-p 00000000 00:00 0 
Size:               1024 kB
Rss:                1024 kB
Pss:                1024 kB
Shared_Clean:          0 kB
Shared_Dirty:          0 kB
Private_Clean:         0 kB
Private_Dirty:      1024 kB
Referenced:         1024 kB
Anonymous:          1024 kB
AnonHugePages:         0 kB
Shared_Hugetlb:        0 kB
Private_Hugetlb:       0 kB
Swap:                  0 kB
SwapPss:               0 kB
KernelPageSize:        4 kB
MMUPageSize:           4 kB
Locked:                0 kB
VmFlags: rd wr mr mw me ac sd 
7f5b60500000-7f5b60600000 rw-p 00000000 00:00 0 
Size:               1024 kB
Rss:                 200 kB
Pss:                 200 kB
Shared_Clean:          0 kB
Shared_Dirty:          0 kB
Private_Clean:         0 kB
Private_Dirty:       200 kB
Referenced:          200 kB
Anonymous:           200 kB
AnonHugePages:         0 kB
Shared_Hugetlb:        0 kB
Private_Hugetlb:       0 kB
Swap:                  0 kB
SwapPss:               0 kB
KernelPageSize:        4 kB
MMUPageSize:           4 kB
Locked:                0 kB
VmFlags: rd wr mr mw me ac sd 
7f5b60700000-7f5b60800000 rw-p 00000000 00:00 0 
Size:               1024 kB
Rss:                 760 kB
Pss:                 760 kB
Shared_Clean:          0 kB
Shared_Dirty:          0 kB
Private_Clean:         0 kB
Private_Dirty:       760 kB
Referenced:          760 kB
Anonymous:           760 kB
AnonHugePages:         0 kB
Shared_Hugetlb:        0 kB
Private_Hugetlb:       0 kB
Swap:                  0 kB
SwapPss:               0 kB
KernelPageSize:        4 kB
MMUPageSize:           4 kB
Locked:                0 kB
VmFlags: rd wr mr mw me ac sd 
7f5b67400000-7f5b67500000 rw-p 00000000 00:00 0 
Size:               1024 kB
Rss:                1020 kB
Pss:                1020 kB
Shared_Clean:          0 kB
Shared_Dirty:          0 kB
Private_Clean:         0 kB
Private_Dirty:      1020 kB
Referenced:         1020 kB
Anonymous:          1020 kB
AnonHugePages:         0 kB
Shared_Hugetlb:        0 kB
Private_Hugetlb:       0 kB
Swap:                  0 kB
SwapPss:               0 kB
KernelPageSize:        4 kB
MMUPageSize:           4 kB
Locked:                0 kB
VmFlags: rd wr mr mw me ac sd 
7f5b6d200000-7f5b6d300000 rw-p 00000000 00:00 0 
Size:               1024 kB
Rss:                 980 kB
Pss:                 980 kB
Shared_Clean:          0 kB
Shared_Dirty:          0 kB
Private_Clean:         0 kB
Private_Dirty:       980 kB
Referenced:          980 kB
Anonymous:           980 kB
AnonHugePages:         0 kB
Shared_Hugetlb:        0 kB
Private_Hugetlb:       0 kB
Swap:                  0 kB
SwapPss:               0 kB
KernelPageSize:        4 kB
MMUPageSize:           4 kB
Locked:                0 kB
VmFlags: rd wr mr mw me ac sd 
7f5b6d900000-7f5b6da00000 rw-p 00000000 00:00 0 
Size:               1024 kB
Rss:                1024 kB
Pss:                1024 kB
Shared_Clean:          0 kB
Shared_Dirty:          0 kB
Private_Clean:         0 kB
Private_Dirty:      1024 kB
Referenced:         1024 kB
Anonymous:          1024 kB
AnonHugePages:         0 kB
Shared_Hugetlb:        0 kB
Private_Hugetlb:       0 kB
Swap:                  0 kB
SwapPss:               0 kB
KernelPageSize:        4 kB
MMUPageSize:           4 kB
Locked:                0 kB
VmFlags: rd wr mr mw me ac sd 
7f5b6dd00000-7f5b6e200000 rw-p 00000000 00:00 0 
Size:               5120 kB
Rss:                4572 kB
Pss:                4572 kB
Shared_Clean:          0 kB
Shared_Dirty:          0 kB
Private_Clean:         0 kB
Private_Dirty:      4572 kB
Referenced:         4572 kB
Anonymous:          4572 kB
AnonHugePages:         0 kB
Shared_Hugetlb:        0 kB
Private_Hugetlb:       0 kB
Swap:                  0 kB
SwapPss:               0 kB
KernelPageSize:        4 kB
MMUPageSize:           4 kB
Locked:                0 kB
VmFlags: rd wr mr mw me ac sd 
7f5b6e400000-7f5b6e800000 rw-p 00000000 00:00 0 
Size:               4096 kB
Rss:                2964 kB
Pss:                2964 kB
Shared_Clean:          0 kB
Shared_Dirty:          0 kB
Private_Clean:         0 kB
Private_Dirty:      2964 kB
Referenced:         2964 kB
Anonymous:          2964 kB
AnonHugePages:         0 kB
Shared_Hugetlb:        0 kB
Private_Hugetlb:       0 kB
Swap:                  0 kB
SwapPss:               0 kB
KernelPageSize:        4 kB
MMUPageSize:           4 kB
Locked:                0 kB
VmFlags: rd wr mr mw me ac sd 
7f5b6ee00000-7f5b6f000000 rw-p 00000000 00:00 0 
Size:               2048 kB
Rss:                1640 kB
Pss:                1640 kB
Shared_Clean:          0 kB
Shared_Dirty:          0 kB
Private_Clean:         0 kB
Private_Dirty:      1640 kB
Referenced:         1640 kB
Anonymous:          1640 kB
AnonHugePages:         0 kB
Shared_Hugetlb:        0 kB
Private_Hugetlb:       0 kB
Swap:                  0 kB
SwapPss:               0 kB
KernelPageSize:        4 kB
MMUPageSize:           4 kB
Locked:                0 kB
VmFlags: rd wr mr mw me ac sd 
7f5b6f400000-7f5b6f500000 rw-p 00000000 00:00 0 
Size:               1024 kB
Rss:                 968 kB
Pss:                 968 kB
Shared_Clean:          0 kB
Shared_Dirty:          0 kB
Private_Clean:         0 kB
Private_Dirty:       968 kB
Referenced:          968 kB
Anonymous:           968 kB
AnonHugePages:         0 kB
Shared_Hugetlb:        0 kB
Private_Hugetlb:       0 kB
Swap:                  0 kB
SwapPss:               0 kB
KernelPageSize:        4 kB
MMUPageSize:           4 kB
Locked:                0 kB
VmFlags: rd wr mr mw me ac sd 
7f5b6f900000-7f5b6fa00000 rw-p 00000000 00:00 0 
Size:               1024 kB
Rss:                 948 kB
Pss:                 948 kB
Shared_Clean:          0 kB
Shared_Dirty:          0 kB
Private_Clean:         0 kB
Private_Dirty:       948 kB
Referenced:          948 kB
Anonymous:           948 kB
AnonHugePages:         0 kB
Shared_Hugetlb:        0 kB
Private_Hugetlb:       0 kB
Swap:                  0 kB
SwapPss:               0 kB
KernelPageSize:        4 kB
MMUPageSize:           4 kB
Locked:                0 kB
VmFlags: rd wr mr mw me ac sd 
7f5b76e00000-7f5b76f00000 rw-p 00000000 00:00 0 
Size:               1024 kB
Rss:                1024 kB
Pss:                1024 kB
Shared_Clean:          0 kB
Shared_Dirty:          0 kB
Private_Clean:         0 kB
Private_Dirty:      1024 kB
Referenced:         1024 kB
Anonymous:          1024 kB
AnonHugePages:         0 kB
Shared_Hugetlb:        0 kB
Private_Hugetlb:       0 kB
Swap:                  0 kB
SwapPss:               0 kB
KernelPageSize:        4 kB
MMUPageSize:           4 kB
Locked:                0 kB
VmFlags: rd wr mr mw me ac sd 
7f5b7b400000-7f5b7b500000 rw-p 00000000 00:00 0 
Size:               1024 kB
Rss:                 976 kB
Pss:                 976 kB
Shared_Clean:          0 kB
Shared_Dirty:          0 kB
Private_Clean:         0 kB
Private_Dirty:       976 kB
Referenced:          976 kB
Anonymous:           976 kB
AnonHugePages:         0 kB
Shared_Hugetlb:        0 kB
Private_Hugetlb:       0 kB
Swap:                  0 kB
SwapPss:               0 kB
KernelPageSize:        4 kB
MMUPageSize:           4 kB
Locked:                0 kB
VmFlags: rd wr mr mw me ac sd 
7f5b7df00000-7f5b7e000000 rw-p 00000000 00:00 0 
Size:               1024 kB
Rss:                 944 kB
Pss:                 944 kB
Shared_Clean:          0 kB
Shared_Dirty:          0 kB
Private_Clean:         0 kB
Private_Dirty:       944 kB
Referenced:          944 kB
Anonymous:           944 kB
AnonHugePages:         0 kB
Shared_Hugetlb:        0 kB
Private_Hugetlb:       0 kB
Swap:                  0 kB
SwapPss:               0 kB
KernelPageSize:        4 kB
MMUPageSize:           4 kB
Locked:                0 kB
VmFlags: rd wr mr mw me ac sd 
7f5b80d00000-7f5b80e00000 rw-p 00000000 00:00 0 
Size:               1024 kB
Rss:                 864 kB
Pss:                 864 kB
Shared_Clean:          0 kB
Shared_Dirty:          0 kB
Private_Clean:         0 kB
Private_Dirty:       864 kB
Referenced:          864 kB
Anonymous:           864 kB
AnonHugePages:         0 kB
Shared_Hugetlb:        0 kB
Private_Hugetlb:       0 kB
Swap:                  0 kB
SwapPss:               0 kB
KernelPageSize:        4 kB
MMUPageSize:           4 kB
Locked:                0 kB
VmFlags: rd wr mr mw me ac sd 
7f5b87f00000-7f5b88000000 rw-p 00000000 00:00 0 
Size:               1024 kB
Rss:                1024 kB
Pss:                1024 kB
Shared_Clean:          0 kB
Shared_Dirty:          0 kB
Private_Clean:         0 kB
Private_Dirty:      1024 kB
Referenced:         1024 kB
Anonymous:          1024 kB
AnonHugePages:         0 kB
Shared_Hugetlb:        0 kB
Private_Hugetlb:       0 kB
Swap:                  0 kB
SwapPss:               0 kB
KernelPageSize:        4 kB
MMUPageSize:           4 kB
Locked:                0 kB
VmFlags: rd wr mr mw me ac sd 
7f5b89a00000-7f5b89b00000 rw-p 00000000 00:00 0 
Size:               1024 kB
Rss:                 196 kB
Pss:                 196 kB
Shared_Clean:          0 kB
Shared_Dirty:          0 kB
Private_Clean:         0 kB
Private_Dirty:       196 kB
Referenced:          196 kB
Anonymous:           196 kB
AnonHugePages:         0 kB
Shared_Hugetlb:        0 kB
Private_Hugetlb:       0 kB
Swap:                  0 kB
SwapPss:               0 kB
KernelPageSize:        4 kB
MMUPageSize:           4 kB
Locked:                0 kB
VmFlags: rd wr mr mw me ac sd 
7f5b89e00000-7f5b89f00000 rw-p 00000000 00:00 0 
Size:               1024 kB
Rss:                 900 kB
Pss:                 900 kB
Shared_Clean:          0 kB
Shared_Dirty:          0 kB
Private_Clean:         0 kB
Private_Dirty:       900 kB
Referenced:          900 kB
Anonymous:           900 kB
AnonHugePages:         0 kB
Shared_Hugetlb:        0 kB
Private_Hugetlb:       0 kB
Swap:                  0 kB
SwapPss:               0 kB
KernelPageSize:        4 kB
MMUPageSize:           4 kB
Locked:                0 kB
VmFlags: rd wr mr mw me ac sd 
7f5b8a100000-7f5b8a200000 rw-p 00000000 00:00 0 
Size:               1024 kB
Rss:                1024 kB
Pss:                1024 kB
Shared_Clean:          0 kB
Shared_Dirty:          0 kB
Private_Clean:         0 kB
Private_Dirty:      1024 kB
Referenced:         1024 kB
Anonymous:          1024 kB
AnonHugePages:         0 kB
Shared_Hugetlb:        0 kB
Private_Hugetlb:       0 kB
Swap:                  0 kB
SwapPss:               0 kB
KernelPageSize:        4 kB
MMUPageSize:           4 kB
Locked:                0 kB
VmFlags: rd wr mr mw me ac sd 
7f5b8c800000-7f5b8d000000 rw-p 00000000 00:00 0 
Size:               8192 kB
Rss:                7628 kB
Pss:                7628 kB
Shared_Clean:          0 kB
Shared_Dirty:          0 kB
Private_Clean:         0 kB
Private_Dirty:      7628 kB
Referenced:         7628 kB
Anonymous:          7628 kB
AnonHugePages:         0 kB
Shared_Hugetlb:        0 kB
Private_Hugetlb:       0 kB
Swap:                  0 kB
SwapPss:               0 kB
KernelPageSize:        4 kB
MMUPageSize:           4 kB
Locked:                0 kB
VmFlags: rd wr mr mw me ac sd 
7f5b8d100000-7f5b94d00000 rw-p 00000000 00:00 0 
Size:             126976 kB
Rss:                4096 kB
Pss:                4096 kB
Shared_Clean:          0 kB
Shared_Dirty:          0 kB
Private_Clean:         0 kB
Private_Dirty:      4096 kB
Referenced:         4096 kB
Anonymous:          4096 kB
AnonHugePages:      2048 kB
Shared_Hugetlb:        0 kB
Private_Hugetlb:       0 kB
Swap:                  0 kB
SwapPss:               0 kB
KernelPageSize:        4 kB
MMUPageSize:           4 kB
Locked:                0 kB
VmFlags: rd wr mr mw me ac sd 
7f5b97400000-7f5b97500000 rw-p 00000000 00:00 0 
Size:               1024 kB
Rss:                 684 kB
Pss:                 684 kB
Shared_Clean:          0 kB
Shared_Dirty:          0 kB
Private_Clean:         0 kB
Private_Dirty:       684 kB
Referenced:          684 kB
Anonymous:           684 kB
AnonHugePages:         0 kB
Shared_Hugetlb:        0 kB
Private_Hugetlb:       0 kB
Swap:                  0 kB
SwapPss:               0 kB
KernelPageSize:        4 kB
MMUPageSize:           4 kB
Locked:                0 kB
VmFlags: rd wr mr mw me ac sd 
7f5b97600000-7f5b97700000 rw-p 00000000 00:00 0 
Size:               1024 kB
Rss:                 980 kB
Pss:                 980 kB
Shared_Clean:          0 kB
Shared_Dirty:          0 kB
Private_Clean:         0 kB
Private_Dirty:       980 kB
Referenced:          980 kB
Anonymous:           980 kB
AnonHugePages:         0 kB
Shared_Hugetlb:        0 kB
Private_Hugetlb:       0 kB
Swap:                  0 kB
SwapPss:               0 kB
KernelPageSize:        4 kB
MMUPageSize:           4 kB
Locked:                0 kB
VmFlags: rd wr mr mw me ac sd 
7f5b97800000-7f5b97900000 rw-p 00000000 00:00 0 
Size:               1024 kB
Rss:                 996 kB
Pss:                 996 kB
Shared_Clean:          0 kB
Shared_Dirty:          0 kB
Private_Clean:         0 kB
Private_Dirty:       996 kB
Referenced:          996 kB
Anonymous:           996 kB
AnonHugePages:         0 kB
Shared_Hugetlb:        0 kB
Private_Hugetlb:       0 kB
Swap:                  0 kB
SwapPss:               0 kB
KernelPageSize:        4 kB
MMUPageSize:           4 kB
Locked:                0 kB
VmFlags: rd wr mr mw me ac sd 
7f5b97a00000-7f5b97c00000 rw-p 00000000 00:00 0 
Size:               2048 kB
Rss:                2004 kB
Pss:                2004 kB
Shared_Clean:          0 kB
Shared_Dirty:          0 kB
Private_Clean:         0 kB
Private_Dirty:      2004 kB
Referenced:         2004 kB
Anonymous:          2004 kB
AnonHugePages:         0 kB
Shared_Hugetlb:        0 kB
Private_Hugetlb:       0 kB
Swap:                  0 kB
SwapPss:               0 kB
KernelPageSize:        4 kB
MMUPageSize:           4 kB
Locked:                0 kB
VmFlags: rd wr mr mw me ac sd 
7f5b9a800000-7f5b9a900000 rw-p 00000000 00:00 0 
Size:               1024 kB
Rss:                 884 kB
Pss:                 884 kB
Shared_Clean:          0 kB
Shared_Dirty:          0 kB
Private_Clean:         0 kB
Private_Dirty:       884 kB
Referenced:          884 kB
Anonymous:           884 kB
AnonHugePages:         0 kB
Shared_Hugetlb:        0 kB
Private_Hugetlb:       0 kB
Swap:                  0 kB
SwapPss:               0 kB
KernelPageSize:        4 kB
MMUPageSize:           4 kB
Locked:                0 kB
VmFlags: rd wr mr mw me ac sd 
7f5b9b100000-7f5b9b300000 rw-p 00000000 00:00 0 
Size:               2048 kB
Rss:                2048 kB
Pss:                2048 kB
Shared_Clean:          0 kB
Shared_Dirty:          0 kB
Private_Clean:         0 kB
Private_Dirty:      2048 kB
Referenced:         2048 kB
Anonymous:          2048 kB
AnonHugePages:         0 kB
Shared_Hugetlb:        0 kB
Private_Hugetlb:       0 kB
Swap:                  0 kB
SwapPss:               0 kB
KernelPageSize:        4 kB
MMUPageSize:           4 kB
Locked:                0 kB
VmFlags: rd wr mr mw me ac sd 
7f5ba1000000-7f5ba1a00000 rw-p 00000000 00:00 0 
Size:              10240 kB
Rss:                6244 kB
Pss:                6244 kB
Shared_Clean:          0 kB
Shared_Dirty:          0 kB
Private_Clean:         0 kB
Private_Dirty:      6244 kB
Referenced:         6244 kB
Anonymous:          6244 kB
AnonHugePages:         0 kB
Shared_Hugetlb:        0 kB
Private_Hugetlb:       0 kB
Swap:                  0 kB
SwapPss:               0 kB
KernelPageSize:        4 kB
MMUPageSize:           4 kB
Locked:                0 kB
VmFlags: rd wr mr mw me ac sd 
7f5ba1c00000-7f5ba1f00000 rw-p 00000000 00:00 0 
Size:               3072 kB
Rss:                2712 kB
Pss:                2712 kB
Shared_Clean:          0 kB
Shared_Dirty:          0 kB
Private_Clean:         0 kB
Private_Dirty:      2712 kB
Referenced:         2712 kB
Anonymous:          2712 kB
AnonHugePages:      2048 kB
Shared_Hugetlb:        0 kB
Private_Hugetlb:       0 kB
Swap:                  0 kB
SwapPss:               0 kB
KernelPageSize:        4 kB
MMUPageSize:           4 kB
Locked:                0 kB
VmFlags: rd wr mr mw me ac sd 
7f5ba2300000-7f5ba2400000 rw-p 00000000 00:00 0 
Size:               1024 kB
Rss:                 724 kB
Pss:                 724 kB
Shared_Clean:          0 kB
Shared_Dirty:          0 kB
Private_Clean:         0 kB
Private_Dirty:       724 kB
Referenced:          724 kB
Anonymous:           724 kB
AnonHugePages:         0 kB
Shared_Hugetlb:        0 kB
Private_Hugetlb:       0 kB
Swap:                  0 kB
SwapPss:               0 kB
KernelPageSize:        4 kB
MMUPageSize:           4 kB
Locked:                0 kB
VmFlags: rd wr mr mw me ac sd 
7f5ba2800000-7f5ba2a00000 rw-p 00000000 00:00 0 
Size:               2048 kB
Rss:                2048 kB
Pss:                2048 kB
Shared_Clean:          0 kB
Shared_Dirty:          0 kB
Private_Clean:         0 kB
Private_Dirty:      2048 kB
Referenced:         2048 kB
Anonymous:          2048 kB
AnonHugePages:         0 kB
Shared_Hugetlb:        0 kB
Private_Hugetlb:       0 kB
Swap:                  0 kB
SwapPss:               0 kB
KernelPageSize:        4 kB
MMUPageSize:           4 kB
Locked:                0 kB
VmFlags: rd wr mr mw me ac sd 
7f5ba3200000-7f5ba3300000 rw-p 00000000 00:00 0 
Size:               1024 kB
Rss:                1024 kB
Pss:                1024 kB
Shared_Clean:          0 kB
Shared_Dirty:          0 kB
Private_Clean:         0 kB
Private_Dirty:      1024 kB
Referenced:         1024 kB
Anonymous:          1024 kB
AnonHugePages:         0 kB
Shared_Hugetlb:        0 kB
Private_Hugetlb:       0 kB
Swap:                  0 kB
SwapPss:               0 kB
KernelPageSize:        4 kB
MMUPageSize:           4 kB
Locked:                0 kB
VmFlags: rd wr mr mw me ac sd 
7f5ba7d00000-7f5ba7f00000 rw-p 00000000 00:00 0 
Size:               2048 kB
Rss:                1984 kB
Pss:                1984 kB
Shared_Clean:          0 kB
Shared_Dirty:          0 kB
Private_Clean:         0 kB
Private_Dirty:      1984 kB
Referenced:         1984 kB
Anonymous:          1984 kB
AnonHugePages:         0 kB
Shared_Hugetlb:        0 kB
Private_Hugetlb:       0 kB
Swap:                  0 kB
SwapPss:               0 kB
KernelPageSize:        4 kB
MMUPageSize:           4 kB
Locked:                0 kB
VmFlags: rd wr mr mw me ac sd 
7f5ba8e00000-7f5ba8f00000 rw-p 00000000 00:00 0 
Size:               1024 kB
Rss:                1012 kB
Pss:                1012 kB
Shared_Clean:          0 kB
Shared_Dirty:          0 kB
Private_Clean:         0 kB
Private_Dirty:      1012 kB
Referenced:         1012 kB
Anonymous:          1012 kB
AnonHugePages:         0 kB
Shared_Hugetlb:        0 kB
Private_Hugetlb:       0 kB
Swap:                  0 kB
SwapPss:               0 kB
KernelPageSize:        4 kB
MMUPageSize:           4 kB
Locked:                0 kB
VmFlags: rd wr mr mw me ac sd 
7f5baad00000-7f5bafe00000 rw-p 00000000 00:00 0 
Size:              82944 kB
Rss:               82944 kB
Pss:               82944 kB
Shared_Clean:          0 kB
Shared_Dirty:          0 kB
Private_Clean:         0 kB
Private_Dirty:     82944 kB
Referenced:        82944 kB
Anonymous:         82944 kB
AnonHugePages:     81920 kB
Shared_Hugetlb:        0 kB
Private_Hugetlb:       0 kB
Swap:                  0 kB
SwapPss:               0 kB
KernelPageSize:        4 kB
MMUPageSize:           4 kB
Locked:                0 kB
VmFlags: rd wr mr mw me ac sd 
7f5bb0d00000-7f5bb1000000 rw-p 00000000 00:00 0 
Size:               3072 kB
Rss:                2852 kB
Pss:                2852 kB
Shared_Clean:          0 kB
Shared_Dirty:          0 kB
Private_Clean:         0 kB
Private_Dirty:      2852 kB
Referenced:         2852 kB
Anonymous:          2852 kB
AnonHugePages:         0 kB
Shared_Hugetlb:        0 kB
Private_Hugetlb:       0 kB
Swap:                  0 kB
SwapPss:               0 kB
KernelPageSize:        4 kB
MMUPageSize:           4 kB
Locked:                0 kB
VmFlags: rd wr mr mw me ac sd 
7f5bb2300000-7f5bb2400000 rw-p 00000000 00:00 0 
Size:               1024 kB
Rss:                 864 kB
Pss:                 864 kB
Shared_Clean:          0 kB
Shared_Dirty:          0 kB
Private_Clean:         0 kB
Private_Dirty:       864 kB
Referenced:          864 kB
Anonymous:           864 kB
AnonHugePages:         0 kB
Shared_Hugetlb:        0 kB
Private_Hugetlb:       0 kB
Swap:                  0 kB
SwapPss:               0 kB
KernelPageSize:        4 kB
MMUPageSize:           4 kB
Locked:                0 kB
VmFlags: rd wr mr mw me ac sd 
7f5bb3300000-7f5bb3600000 rw-p 00000000 00:00 0 
Size:               3072 kB
Rss:                2568 kB
Pss:                2568 kB
Shared_Clean:          0 kB
Shared_Dirty:          0 kB
Private_Clean:         0 kB
Private_Dirty:      2568 kB
Referenced:         2568 kB
Anonymous:          2568 kB
AnonHugePages:         0 kB
Shared_Hugetlb:        0 kB
Private_Hugetlb:       0 kB
Swap:                  0 kB
SwapPss:               0 kB
KernelPageSize:        4 kB
MMUPageSize:           4 kB
Locked:                0 kB
VmFlags: rd wr mr mw me ac sd 
7f5bb3700000-7f5bb3a00000 rw-p 00000000 00:00 0 
Size:               3072 kB
Rss:                2084 kB
Pss:                2084 kB
Shared_Clean:          0 kB
Shared_Dirty:          0 kB
Private_Clean:         0 kB
Private_Dirty:      2084 kB
Referenced:         2084 kB
Anonymous:          2084 kB
AnonHugePages:         0 kB
Shared_Hugetlb:        0 kB
Private_Hugetlb:       0 kB
Swap:                  0 kB
SwapPss:               0 kB
KernelPageSize:        4 kB
MMUPageSize:           4 kB
Locked:                0 kB
VmFlags: rd wr mr mw me ac sd 
7f5bb3c00000-7f5bb3e00000 rw-p 00000000 00:00 0 
Size:               2048 kB
Rss:                1940 kB
Pss:                1940 kB
Shared_Clean:          0 kB
Shared_Dirty:          0 kB
Private_Clean:         0 kB
Private_Dirty:      1940 kB
Referenced:         1940 kB
Anonymous:          1940 kB
AnonHugePages:         0 kB
Shared_Hugetlb:        0 kB
Private_Hugetlb:       0 kB
Swap:                  0 kB
SwapPss:               0 kB
KernelPageSize:        4 kB
MMUPageSize:           4 kB
Locked:                0 kB
VmFlags: rd wr mr mw me ac sd 
7f5bb9c00000-7f5bb9d00000 rw-p 00000000 00:00 0 
Size:               1024 kB
Rss:                 992 kB
Pss:                 992 kB
Shared_Clean:          0 kB
Shared_Dirty:          0 kB
Private_Clean:         0 kB
Private_Dirty:       992 kB
Referenced:          992 kB
Anonymous:           992 kB
AnonHugePages:         0 kB
Shared_Hugetlb:        0 kB
Private_Hugetlb:       0 kB
Swap:                  0 kB
SwapPss:               0 kB
KernelPageSize:        4 kB
MMUPageSize:           4 kB
Locked:                0 kB
VmFlags: rd wr mr mw me ac sd 
7f5bbd000000-7f5bbd100000 rw-p 00000000 00:00 0 
Size:               1024 kB
Rss:                 116 kB
Pss:                 116 kB
Shared_Clean:          0 kB
Shared_Dirty:          0 kB
Private_Clean:         0 kB
Private_Dirty:       116 kB
Referenced:          116 kB
Anonymous:           116 kB
AnonHugePages:         0 kB
Shared_Hugetlb:        0 kB
Private_Hugetlb:       0 kB
Swap:                  0 kB
SwapPss:               0 kB
KernelPageSize:        4 kB
MMUPageSize:           4 kB
Locked:                0 kB
VmFlags: rd wr mr mw me ac sd 
7f5bbd200000-7f5bbd300000 rw-p 00000000 00:00 0 
Size:               1024 kB
Rss:                 880 kB
Pss:                 880 kB
Shared_Clean:          0 kB
Shared_Dirty:          0 kB
Private_Clean:         0 kB
Private_Dirty:       880 kB
Referenced:          880 kB
Anonymous:           880 kB
AnonHugePages:         0 kB
Shared_Hugetlb:        0 kB
Private_Hugetlb:       0 kB
Swap:                  0 kB
SwapPss:               0 kB
KernelPageSize:        4 kB
MMUPageSize:           4 kB
Locked:                0 kB
VmFlags: rd wr mr mw me ac sd 
7f5bbeb00000-7f5bbec00000 rw-p 00000000 00:00 0 
Size:               1024 kB
Rss:                 936 kB
Pss:                 936 kB
Shared_Clean:          0 kB
Shared_Dirty:          0 kB
Private_Clean:         0 kB
Private_Dirty:       936 kB
Referenced:          936 kB
Anonymous:           936 kB
AnonHugePages:         0 kB
Shared_Hugetlb:        0 kB
Private_Hugetlb:       0 kB
Swap:                  0 kB
SwapPss:               0 kB
KernelPageSize:        4 kB
MMUPageSize:           4 kB
Locked:                0 kB
VmFlags: rd wr mr mw me ac sd 
7f5bc3d00000-7f5bc3e00000 rw-p 00000000 00:00 0 
Size:               1024 kB
Rss:                 772 kB
Pss:                 772 kB
Shared_Clean:          0 kB
Shared_Dirty:          0 kB
Private_Clean:         0 kB
Private_Dirty:       772 kB
Referenced:          772 kB
Anonymous:           772 kB
AnonHugePages:         0 kB
Shared_Hugetlb:        0 kB
Private_Hugetlb:       0 kB
Swap:                  0 kB
SwapPss:               0 kB
KernelPageSize:        4 kB
MMUPageSize:           4 kB
Locked:                0 kB
VmFlags: rd wr mr mw me ac sd 
7f5bc68ff000-7f5bca900000 rw-s 00000000 00:14 13                         /dev/shm/pulse-shm-1831097249
Size:              65540 kB
Rss:                 124 kB
Pss:                  77 kB
Shared_Clean:         44 kB
Shared_Dirty:         28 kB
Private_Clean:        52 kB
Private_Dirty:         0 kB
Referenced:          124 kB
Anonymous:             0 kB
AnonHugePages:         0 kB
Shared_Hugetlb:        0 kB
Private_Hugetlb:       0 kB
Swap:                  0 kB
SwapPss:               0 kB
KernelPageSize:        4 kB
MMUPageSize:           4 kB
Locked:                0 kB
VmFlags: rd wr sh mr mw me ms sd 
7f5bca900000-7f5bcaa00000 rw-p 00000000 00:00 0 
Size:               1024 kB
Rss:                1024 kB
Pss:                1024 kB
Shared_Clean:          0 kB
Shared_Dirty:          0 kB
Private_Clean:         0 kB
Private_Dirty:      1024 kB
Referenced:         1024 kB
Anonymous:          1024 kB
AnonHugePages:         0 kB
Shared_Hugetlb:        0 kB
Private_Hugetlb:       0 kB
Swap:                  0 kB
SwapPss:               0 kB
KernelPageSize:        4 kB
MMUPageSize:           4 kB
Locked:                0 kB
VmFlags: rd wr mr mw me ac sd 
7f5bcb100000-7f5bcb700000 rw-p 00000000 00:00 0 
Size:               6144 kB
Rss:                5764 kB
Pss:                5764 kB
Shared_Clean:          0 kB
Shared_Dirty:          0 kB
Private_Clean:         0 kB
Private_Dirty:      5764 kB
Referenced:         5764 kB
Anonymous:          5764 kB
AnonHugePages:         0 kB
Shared_Hugetlb:        0 kB
Private_Hugetlb:       0 kB
Swap:                  0 kB
SwapPss:               0 kB
KernelPageSize:        4 kB
MMUPageSize:           4 kB
Locked:                0 kB
VmFlags: rd wr mr mw me ac sd 
7f5bcc6ff000-7f5bd0700000 rw-s 00000000 00:14 21                         /dev/shm/pulse-shm-1732670892
Size:              65540 kB
Rss:                   4 kB
Pss:                   4 kB
Shared_Clean:          0 kB
Shared_Dirty:          0 kB
Private_Clean:         0 kB
Private_Dirty:         4 kB
Referenced:            4 kB
Anonymous:             0 kB
AnonHugePages:         0 kB
Shared_Hugetlb:        0 kB
Private_Hugetlb:       0 kB
Swap:                  0 kB
SwapPss:               0 kB
KernelPageSize:        4 kB
MMUPageSize:           4 kB
Locked:                0 kB
VmFlags: rd wr sh mr mw me ms nr sd 
7f5bd0700000-7f5bd0800000 rw-p 00000000 00:00 0 
Size:               1024 kB
Rss:                1012 kB
Pss:                1012 kB
Shared_Clean:          0 kB
Shared_Dirty:          0 kB
Private_Clean:         0 kB
Private_Dirty:      1012 kB
Referenced:         1012 kB
Anonymous:          1012 kB
AnonHugePages:         0 kB
Shared_Hugetlb:        0 kB
Private_Hugetlb:       0 kB
Swap:                  0 kB
SwapPss:               0 kB
KernelPageSize:        4 kB
MMUPageSize:           4 kB
Locked:                0 kB
VmFlags: rd wr mr mw me ac sd 
7f5bd0a00000-7f5bd6100000 rw-p 00000000 00:00 0 
Size:              89088 kB
Rss:               80636 kB
Pss:               80636 kB
Shared_Clean:          0 kB
Shared_Dirty:          0 kB
Private_Clean:         0 kB
Private_Dirty:     80636 kB
Referenced:        80636 kB
Anonymous:         80636 kB
AnonHugePages:     79872 kB
Shared_Hugetlb:        0 kB
Private_Hugetlb:       0 kB
Swap:                  0 kB
SwapPss:               0 kB
KernelPageSize:        4 kB
MMUPageSize:           4 kB
Locked:                0 kB
VmFlags: rd wr mr mw me ac sd 
7f5bd6900000-7f5bd6c00000 rw-p 00000000 00:00 0 
Size:               3072 kB
Rss:                2732 kB
Pss:                2732 kB
Shared_Clean:          0 kB
Shared_Dirty:          0 kB
Private_Clean:         0 kB
Private_Dirty:      2732 kB
Referenced:         2732 kB
Anonymous:          2732 kB
AnonHugePages:         0 kB
Shared_Hugetlb:        0 kB
Private_Hugetlb:       0 kB
Swap:                  0 kB
SwapPss:               0 kB
KernelPageSize:        4 kB
MMUPageSize:           4 kB
Locked:                0 kB
VmFlags: rd wr mr mw me ac sd 
7f5bdb000000-7f5bdb200000 rw-p 00000000 00:00 0 
Size:               2048 kB
Rss:                2048 kB
Pss:                2048 kB
Shared_Clean:          0 kB
Shared_Dirty:          0 kB
Private_Clean:         0 kB
Private_Dirty:      2048 kB
Referenced:         2048 kB
Anonymous:          2048 kB
AnonHugePages:      2048 kB
Shared_Hugetlb:        0 kB
Private_Hugetlb:       0 kB
Swap:                  0 kB
SwapPss:               0 kB
KernelPageSize:        4 kB
MMUPageSize:           4 kB
Locked:                0 kB
VmFlags: rd wr mr mw me ac sd 
7f5bdb300000-7f5bdb900000 rw-p 00000000 00:00 0 
Size:               6144 kB
Rss:                6128 kB
Pss:                6128 kB
Shared_Clean:          0 kB
Shared_Dirty:          0 kB
Private_Clean:         0 kB
Private_Dirty:      6128 kB
Referenced:         6128 kB
Anonymous:          6128 kB
AnonHugePages:      2048 kB
Shared_Hugetlb:        0 kB
Private_Hugetlb:       0 kB
Swap:                  0 kB
SwapPss:               0 kB
KernelPageSize:        4 kB
MMUPageSize:           4 kB
Locked:                0 kB
VmFlags: rd wr mr mw me ac sd 
7f5be2000000-7f5be2100000 rw-p 00000000 00:00 0 
Size:               1024 kB
Rss:                 920 kB
Pss:                 920 kB
Shared_Clean:          0 kB
Shared_Dirty:          0 kB
Private_Clean:         0 kB
Private_Dirty:       920 kB
Referenced:          920 kB
Anonymous:           920 kB
AnonHugePages:         0 kB
Shared_Hugetlb:        0 kB
Private_Hugetlb:       0 kB
Swap:                  0 kB
SwapPss:               0 kB
KernelPageSize:        4 kB
MMUPageSize:           4 kB
Locked:                0 kB
VmFlags: rd wr mr mw me ac sd 
7f5be5a00000-7f5be7300000 rw-p 00000000 00:00 0 
Size:              25600 kB
Rss:                 872 kB
Pss:                 872 kB
Shared_Clean:          0 kB
Shared_Dirty:          0 kB
Private_Clean:         0 kB
Private_Dirty:       872 kB
Referenced:          872 kB
Anonymous:           872 kB
AnonHugePages:         0 kB
Shared_Hugetlb:        0 kB
Private_Hugetlb:       0 kB
Swap:                  0 kB
SwapPss:               0 kB
KernelPageSize:        4 kB
MMUPageSize:           4 kB
Locked:                0 kB
VmFlags: rd wr mr mw me ac sd 
7f5be9600000-7f5be9800000 rw-p 00000000 00:00 0 
Size:               2048 kB
Rss:                1800 kB
Pss:                1800 kB
Shared_Clean:          0 kB
Shared_Dirty:          0 kB
Private_Clean:         0 kB
Private_Dirty:      1800 kB
Referenced:         1800 kB
Anonymous:          1800 kB
AnonHugePages:         0 kB
Shared_Hugetlb:        0 kB
Private_Hugetlb:       0 kB
Swap:                  0 kB
SwapPss:               0 kB
KernelPageSize:        4 kB
MMUPageSize:           4 kB
Locked:                0 kB
VmFlags: rd wr mr mw me ac sd 
7f5be9e00000-7f5bea200000 rw-p 00000000 00:00 0 
Size:               4096 kB
Rss:                3560 kB
Pss:                3560 kB
Shared_Clean:          0 kB
Shared_Dirty:          0 kB
Private_Clean:         0 kB
Private_Dirty:      3560 kB
Referenced:         3560 kB
Anonymous:          3560 kB
AnonHugePages:         0 kB
Shared_Hugetlb:        0 kB
Private_Hugetlb:       0 kB
Swap:                  0 kB
SwapPss:               0 kB
KernelPageSize:        4 kB
MMUPageSize:           4 kB
Locked:                0 kB
VmFlags: rd wr mr mw me ac sd 
7f5bea300000-7f5bea500000 rw-p 00000000 00:00 0 
Size:               2048 kB
Rss:                1172 kB
Pss:                1172 kB
Shared_Clean:          0 kB
Shared_Dirty:          0 kB
Private_Clean:         0 kB
Private_Dirty:      1172 kB
Referenced:         1172 kB
Anonymous:          1172 kB
AnonHugePages:         0 kB
Shared_Hugetlb:        0 kB
Private_Hugetlb:       0 kB
Swap:                  0 kB
SwapPss:               0 kB
KernelPageSize:        4 kB
MMUPageSize:           4 kB
Locked:                0 kB
VmFlags: rd wr mr mw me ac sd 
7f5bea600000-7f5bea900000 rw-p 00000000 00:00 0 
Size:               3072 kB
Rss:                2688 kB
Pss:                2688 kB
Shared_Clean:          0 kB
Shared_Dirty:          0 kB
Private_Clean:         0 kB
Private_Dirty:      2688 kB
Referenced:         2688 kB
Anonymous:          2688 kB
AnonHugePages:         0 kB
Shared_Hugetlb:        0 kB
Private_Hugetlb:       0 kB
Swap:                  0 kB
SwapPss:               0 kB
KernelPageSize:        4 kB
MMUPageSize:           4 kB
Locked:                0 kB
VmFlags: rd wr mr mw me ac sd 
7f5bedb00000-7f5bedc00000 rw-p 00000000 00:00 0 
Size:               1024 kB
Rss:                 936 kB
Pss:                 936 kB
Shared_Clean:          0 kB
Shared_Dirty:          0 kB
Private_Clean:         0 kB
Private_Dirty:       936 kB
Referenced:          936 kB
Anonymous:           936 kB
AnonHugePages:         0 kB
Shared_Hugetlb:        0 kB
Private_Hugetlb:       0 kB
Swap:                  0 kB
SwapPss:               0 kB
KernelPageSize:        4 kB
MMUPageSize:           4 kB
Locked:                0 kB
VmFlags: rd wr mr mw me ac sd 
7f5bee900000-7f5beeb00000 rw-p 00000000 00:00 0 
Size:               2048 kB
Rss:                1952 kB
Pss:                1952 kB
Shared_Clean:          0 kB
Shared_Dirty:          0 kB
Private_Clean:         0 kB
Private_Dirty:      1952 kB
Referenced:         1952 kB
Anonymous:          1952 kB
AnonHugePages:         0 kB
Shared_Hugetlb:        0 kB
Private_Hugetlb:       0 kB
Swap:                  0 kB
SwapPss:               0 kB
KernelPageSize:        4 kB
MMUPageSize:           4 kB
Locked:                0 kB
VmFlags: rd wr mr mw me ac sd 
7f5beec00000-7f5bef400000 rw-p 00000000 00:00 0 
Size:               8192 kB
Rss:                7232 kB
Pss:                7232 kB
Shared_Clean:          0 kB
Shared_Dirty:          0 kB
Private_Clean:         0 kB
Private_Dirty:      7232 kB
Referenced:         7232 kB
Anonymous:          7232 kB
AnonHugePages:         0 kB
Shared_Hugetlb:        0 kB
Private_Hugetlb:       0 kB
Swap:                  0 kB
SwapPss:               0 kB
KernelPageSize:        4 kB
MMUPageSize:           4 kB
Locked:                0 kB
VmFlags: rd wr mr mw me ac sd 
7f5befb00000-7f5befd00000 rw-p 00000000 00:00 0 
Size:               2048 kB
Rss:                1904 kB
Pss:                1904 kB
Shared_Clean:          0 kB
Shared_Dirty:          0 kB
Private_Clean:         0 kB
Private_Dirty:      1904 kB
Referenced:         1904 kB
Anonymous:          1904 kB
AnonHugePages:         0 kB
Shared_Hugetlb:        0 kB
Private_Hugetlb:       0 kB
Swap:                  0 kB
SwapPss:               0 kB
KernelPageSize:        4 kB
MMUPageSize:           4 kB
Locked:                0 kB
VmFlags: rd wr mr mw me ac sd 
7f5beff00000-7f5bf0000000 rw-p 00000000 00:00 0 
Size:               1024 kB
Rss:                 884 kB
Pss:                 884 kB
Shared_Clean:          0 kB
Shared_Dirty:          0 kB
Private_Clean:         0 kB
Private_Dirty:       884 kB
Referenced:          884 kB
Anonymous:           884 kB
AnonHugePages:         0 kB
Shared_Hugetlb:        0 kB
Private_Hugetlb:       0 kB
Swap:                  0 kB
SwapPss:               0 kB
KernelPageSize:        4 kB
MMUPageSize:           4 kB
Locked:                0 kB
VmFlags: rd wr mr mw me ac sd 
7f5bf0300000-7f5bf0900000 rw-p 00000000 00:00 0 
Size:               6144 kB
Rss:                5940 kB
Pss:                5940 kB
Shared_Clean:          0 kB
Shared_Dirty:          0 kB
Private_Clean:         0 kB
Private_Dirty:      5940 kB
Referenced:         5940 kB
Anonymous:          5940 kB
AnonHugePages:         0 kB
Shared_Hugetlb:        0 kB
Private_Hugetlb:       0 kB
Swap:                  0 kB
SwapPss:               0 kB
KernelPageSize:        4 kB
MMUPageSize:           4 kB
Locked:                0 kB
VmFlags: rd wr mr mw me ac sd 
7f5bf0d00000-7f5bf1200000 rw-p 00000000 00:00 0 
Size:               5120 kB
Rss:                4700 kB
Pss:                4700 kB
Shared_Clean:          0 kB
Shared_Dirty:          0 kB
Private_Clean:         0 kB
Private_Dirty:      4700 kB
Referenced:         4700 kB
Anonymous:          4700 kB
AnonHugePages:         0 kB
Shared_Hugetlb:        0 kB
Private_Hugetlb:       0 kB
Swap:                  0 kB
SwapPss:               0 kB
KernelPageSize:        4 kB
MMUPageSize:           4 kB
Locked:                0 kB
VmFlags: rd wr mr mw me ac sd 
7f5bf2cff000-7f5bf6d00000 rw-s 00000000 00:14 13                         /dev/shm/pulse-shm-1831097249
Size:              65540 kB
Rss:                  76 kB
Pss:                  24 kB
Shared_Clean:         12 kB
Shared_Dirty:         64 kB
Private_Clean:         0 kB
Private_Dirty:         0 kB
Referenced:           76 kB
Anonymous:             0 kB
AnonHugePages:         0 kB
Shared_Hugetlb:        0 kB
Private_Hugetlb:       0 kB
Swap:                  0 kB
SwapPss:               0 kB
KernelPageSize:        4 kB
MMUPageSize:           4 kB
Locked:                0 kB
VmFlags: rd wr sh mr mw me ms sd 
7f5bf6d00000-7f5bf6e00000 rw-p 00000000 00:00 0 
Size:               1024 kB
Rss:                 992 kB
Pss:                 992 kB
Shared_Clean:          0 kB
Shared_Dirty:          0 kB
Private_Clean:         0 kB
Private_Dirty:       992 kB
Referenced:          992 kB
Anonymous:           992 kB
AnonHugePages:         0 kB
Shared_Hugetlb:        0 kB
Private_Hugetlb:       0 kB
Swap:                  0 kB
SwapPss:               0 kB
KernelPageSize:        4 kB
MMUPageSize:           4 kB
Locked:                0 kB
VmFlags: rd wr mr mw me ac sd 
7f5bf7000000-7f5bf7200000 rw-p 00000000 00:00 0 
Size:               2048 kB
Rss:                1776 kB
Pss:                1776 kB
Shared_Clean:          0 kB
Shared_Dirty:          0 kB
Private_Clean:         0 kB
Private_Dirty:      1776 kB
Referenced:         1776 kB
Anonymous:          1776 kB
AnonHugePages:         0 kB
Shared_Hugetlb:        0 kB
Private_Hugetlb:       0 kB
Swap:                  0 kB
SwapPss:               0 kB
KernelPageSize:        4 kB
MMUPageSize:           4 kB
Locked:                0 kB
VmFlags: rd wr mr mw me ac sd 
7f5bf9600000-7f5bf9700000 rw-p 00000000 00:00 0 
Size:               1024 kB
Rss:                 800 kB
Pss:                 800 kB
Shared_Clean:          0 kB
Shared_Dirty:          0 kB
Private_Clean:         0 kB
Private_Dirty:       800 kB
Referenced:          800 kB
Anonymous:           800 kB
AnonHugePages:         0 kB
Shared_Hugetlb:        0 kB
Private_Hugetlb:       0 kB
Swap:                  0 kB
SwapPss:               0 kB
KernelPageSize:        4 kB
MMUPageSize:           4 kB
Locked:                0 kB
VmFlags: rd wr mr mw me ac sd 
7f5bf9900000-7f5bf9c00000 rw-p 00000000 00:00 0 
Size:               3072 kB
Rss:                2584 kB
Pss:                2584 kB
Shared_Clean:          0 kB
Shared_Dirty:          0 kB
Private_Clean:         0 kB
Private_Dirty:      2584 kB
Referenced:         2584 kB
Anonymous:          2584 kB
AnonHugePages:         0 kB
Shared_Hugetlb:        0 kB
Private_Hugetlb:       0 kB
Swap:                  0 kB
SwapPss:               0 kB
KernelPageSize:        4 kB
MMUPageSize:           4 kB
Locked:                0 kB
VmFlags: rd wr mr mw me ac sd 
7f5bfac00000-7f5bfaf00000 rw-p 00000000 00:00 0 
Size:               3072 kB
Rss:                2784 kB
Pss:                2784 kB
Shared_Clean:          0 kB
Shared_Dirty:          0 kB
Private_Clean:         0 kB
Private_Dirty:      2784 kB
Referenced:         2784 kB
Anonymous:          2784 kB
AnonHugePages:         0 kB
Shared_Hugetlb:        0 kB
Private_Hugetlb:       0 kB
Swap:                  0 kB
SwapPss:               0 kB
KernelPageSize:        4 kB
MMUPageSize:           4 kB
Locked:                0 kB
VmFlags: rd wr mr mw me ac sd 
7f5bfb100000-7f5bfb300000 rw-p 00000000 00:00 0 
Size:               2048 kB
Rss:                1512 kB
Pss:                1512 kB
Shared_Clean:          0 kB
Shared_Dirty:          0 kB
Private_Clean:         0 kB
Private_Dirty:      1512 kB
Referenced:         1512 kB
Anonymous:          1512 kB
AnonHugePages:         0 kB
Shared_Hugetlb:        0 kB
Private_Hugetlb:       0 kB
Swap:                  0 kB
SwapPss:               0 kB
KernelPageSize:        4 kB
MMUPageSize:           4 kB
Locked:                0 kB
VmFlags: rd wr mr mw me ac sd 
7f5bfb400000-7f5bfb600000 rw-p 00000000 00:00 0 
Size:               2048 kB
Rss:                1400 kB
Pss:                1400 kB
Shared_Clean:          0 kB
Shared_Dirty:          0 kB
Private_Clean:         0 kB
Private_Dirty:      1400 kB
Referenced:         1400 kB
Anonymous:          1400 kB
AnonHugePages:         0 kB
Shared_Hugetlb:        0 kB
Private_Hugetlb:       0 kB
Swap:                  0 kB
SwapPss:               0 kB
KernelPageSize:        4 kB
MMUPageSize:           4 kB
Locked:                0 kB
VmFlags: rd wr mr mw me ac sd 
7f5bfb700000-7f5bfb900000 rw-p 00000000 00:00 0 
Size:               2048 kB
Rss:                1740 kB
Pss:                1740 kB
Shared_Clean:          0 kB
Shared_Dirty:          0 kB
Private_Clean:         0 kB
Private_Dirty:      1740 kB
Referenced:         1740 kB
Anonymous:          1740 kB
AnonHugePages:         0 kB
Shared_Hugetlb:        0 kB
Private_Hugetlb:       0 kB
Swap:                  0 kB
SwapPss:               0 kB
KernelPageSize:        4 kB
MMUPageSize:           4 kB
Locked:                0 kB
VmFlags: rd wr mr mw me ac sd 
7f5bfbd00000-7f5bfc300000 rw-p 00000000 00:00 0 
Size:               6144 kB
Rss:                4740 kB
Pss:                4740 kB
Shared_Clean:          0 kB
Shared_Dirty:          0 kB
Private_Clean:         0 kB
Private_Dirty:      4740 kB
Referenced:         4740 kB
Anonymous:          4740 kB
AnonHugePages:         0 kB
Shared_Hugetlb:        0 kB
Private_Hugetlb:       0 kB
Swap:                  0 kB
SwapPss:               0 kB
KernelPageSize:        4 kB
MMUPageSize:           4 kB
Locked:                0 kB
VmFlags: rd wr mr mw me ac sd 
7f5c00000000-7f5c00100000 rw-p 00000000 00:00 0 
Size:               1024 kB
Rss:                1012 kB
Pss:                1012 kB
Shared_Clean:          0 kB
Shared_Dirty:          0 kB
Private_Clean:         0 kB
Private_Dirty:      1012 kB
Referenced:         1012 kB
Anonymous:          1012 kB
AnonHugePages:         0 kB
Shared_Hugetlb:        0 kB
Private_Hugetlb:       0 kB
Swap:                  0 kB
SwapPss:               0 kB
KernelPageSize:        4 kB
MMUPageSize:           4 kB
Locked:                0 kB
VmFlags: rd wr mr mw me ac sd 
7f5c00200000-7f5c00300000 rw-p 00000000 00:00 0 
Size:               1024 kB
Rss:                1024 kB
Pss:                1024 kB
Shared_Clean:          0 kB
Shared_Dirty:          0 kB
Private_Clean:         0 kB
Private_Dirty:      1024 kB
Referenced:         1024 kB
Anonymous:          1024 kB
AnonHugePages:         0 kB
Shared_Hugetlb:        0 kB
Private_Hugetlb:       0 kB
Swap:                  0 kB
SwapPss:               0 kB
KernelPageSize:        4 kB
MMUPageSize:           4 kB
Locked:                0 kB
VmFlags: rd wr mr mw me ac sd 
7f5c00500000-7f5c00600000 rw-p 00000000 00:00 0 
Size:               1024 kB
Rss:                1016 kB
Pss:                1016 kB
Shared_Clean:          0 kB
Shared_Dirty:          0 kB
Private_Clean:         0 kB
Private_Dirty:      1016 kB
Referenced:         1016 kB
Anonymous:          1016 kB
AnonHugePages:         0 kB
Shared_Hugetlb:        0 kB
Private_Hugetlb:       0 kB
Swap:                  0 kB
SwapPss:               0 kB
KernelPageSize:        4 kB
MMUPageSize:           4 kB
Locked:                0 kB
VmFlags: rd wr mr mw me ac sd 
7f5c006ff000-7f5c04700000 rw-s 00000000 00:14 19                         /dev/shm/pulse-shm-1937426401
Size:              65540 kB
Rss:                 324 kB
Pss:                 324 kB
Shared_Clean:          0 kB
Shared_Dirty:          0 kB
Private_Clean:         0 kB
Private_Dirty:       324 kB
Referenced:          324 kB
Anonymous:             0 kB
AnonHugePages:         0 kB
Shared_Hugetlb:        0 kB
Private_Hugetlb:       0 kB
Swap:                  0 kB
SwapPss:               0 kB
KernelPageSize:        4 kB
MMUPageSize:           4 kB
Locked:                0 kB
VmFlags: rd wr sh mr mw me ms nr sd 
7f5c04700000-7f5c04d00000 rw-p 00000000 00:00 0 
Size:               6144 kB
Rss:                6144 kB
Pss:                6144 kB
Shared_Clean:          0 kB
Shared_Dirty:          0 kB
Private_Clean:         0 kB
Private_Dirty:      6144 kB
Referenced:         6144 kB
Anonymous:          6144 kB
AnonHugePages:      4096 kB
Shared_Hugetlb:        0 kB
Private_Hugetlb:       0 kB
Swap:                  0 kB
SwapPss:               0 kB
KernelPageSize:        4 kB
MMUPageSize:           4 kB
Locked:                0 kB
VmFlags: rd wr mr mw me ac sd 
7f5c06b00000-7f5c06d00000 rw-p 00000000 00:00 0 
Size:               2048 kB
Rss:                2048 kB
Pss:                2048 kB
Shared_Clean:          0 kB
Shared_Dirty:          0 kB
Private_Clean:         0 kB
Private_Dirty:      2048 kB
Referenced:         2048 kB
Anonymous:          2048 kB
AnonHugePages:         0 kB
Shared_Hugetlb:        0 kB
Private_Hugetlb:       0 kB
Swap:                  0 kB
SwapPss:               0 kB
KernelPageSize:        4 kB
MMUPageSize:           4 kB
Locked:                0 kB
VmFlags: rd wr mr mw me ac sd 
7f5c07700000-7f5c07d00000 rw-p 00000000 00:00 0 
Size:               6144 kB
Rss:                5784 kB
Pss:                5784 kB
Shared_Clean:          0 kB
Shared_Dirty:          0 kB
Private_Clean:         0 kB
Private_Dirty:      5784 kB
Referenced:         5784 kB
Anonymous:          5784 kB
AnonHugePages:         0 kB
Shared_Hugetlb:        0 kB
Private_Hugetlb:       0 kB
Swap:                  0 kB
SwapPss:               0 kB
KernelPageSize:        4 kB
MMUPageSize:           4 kB
Locked:                0 kB
VmFlags: rd wr mr mw me ac sd 
7f5c08100000-7f5c08400000 rw-p 00000000 00:00 0 
Size:               3072 kB
Rss:                2612 kB
Pss:                2612 kB
Shared_Clean:          0 kB
Shared_Dirty:          0 kB
Private_Clean:         0 kB
Private_Dirty:      2612 kB
Referenced:         2612 kB
Anonymous:          2612 kB
AnonHugePages:         0 kB
Shared_Hugetlb:        0 kB
Private_Hugetlb:       0 kB
Swap:                  0 kB
SwapPss:               0 kB
KernelPageSize:        4 kB
MMUPageSize:           4 kB
Locked:                0 kB
VmFlags: rd wr mr mw me ac sd 
7f5c08a00000-7f5c09200000 rw-p 00000000 00:00 0 
Size:               8192 kB
Rss:                7204 kB
Pss:                7204 kB
Shared_Clean:          0 kB
Shared_Dirty:          0 kB
Private_Clean:         0 kB
Private_Dirty:      7204 kB
Referenced:         7204 kB
Anonymous:          7204 kB
AnonHugePages:         0 kB
Shared_Hugetlb:        0 kB
Private_Hugetlb:       0 kB
Swap:                  0 kB
SwapPss:               0 kB
KernelPageSize:        4 kB
MMUPageSize:           4 kB
Locked:                0 kB
VmFlags: rd wr mr mw me ac sd 
7f5c09400000-7f5c09900000 rw-p 00000000 00:00 0 
Size:               5120 kB
Rss:                4664 kB
Pss:                4664 kB
Shared_Clean:          0 kB
Shared_Dirty:          0 kB
Private_Clean:         0 kB
Private_Dirty:      4664 kB
Referenced:         4664 kB
Anonymous:          4664 kB
AnonHugePages:         0 kB
Shared_Hugetlb:        0 kB
Private_Hugetlb:       0 kB
Swap:                  0 kB
SwapPss:               0 kB
KernelPageSize:        4 kB
MMUPageSize:           4 kB
Locked:                0 kB
VmFlags: rd wr mr mw me ac sd 
7f5c09b00000-7f5c09c00000 rw-p 00000000 00:00 0 
Size:               1024 kB
Rss:                 768 kB
Pss:                 768 kB
Shared_Clean:          0 kB
Shared_Dirty:          0 kB
Private_Clean:         0 kB
Private_Dirty:       768 kB
Referenced:          768 kB
Anonymous:           768 kB
AnonHugePages:         0 kB
Shared_Hugetlb:        0 kB
Private_Hugetlb:       0 kB
Swap:                  0 kB
SwapPss:               0 kB
KernelPageSize:        4 kB
MMUPageSize:           4 kB
Locked:                0 kB
VmFlags: rd wr mr mw me ac sd 
7f5c09f00000-7f5c0bb00000 rw-p 00000000 00:00 0 
Size:              28672 kB
Rss:               25196 kB
Pss:               25196 kB
Shared_Clean:          0 kB
Shared_Dirty:          0 kB
Private_Clean:         0 kB
Private_Dirty:     25196 kB
Referenced:        25196 kB
Anonymous:         25196 kB
AnonHugePages:      2048 kB
Shared_Hugetlb:        0 kB
Private_Hugetlb:       0 kB
Swap:                  0 kB
SwapPss:               0 kB
KernelPageSize:        4 kB
MMUPageSize:           4 kB
Locked:                0 kB
VmFlags: rd wr mr mw me ac sd 
7f5c0e600000-7f5c0f300000 rw-p 00000000 00:00 0 
Size:              13312 kB
Rss:               11576 kB
Pss:               11576 kB
Shared_Clean:          0 kB
Shared_Dirty:          0 kB
Private_Clean:         0 kB
Private_Dirty:     11576 kB
Referenced:        11576 kB
Anonymous:         11576 kB
AnonHugePages:         0 kB
Shared_Hugetlb:        0 kB
Private_Hugetlb:       0 kB
Swap:                  0 kB
SwapPss:               0 kB
KernelPageSize:        4 kB
MMUPageSize:           4 kB
Locked:                0 kB
VmFlags: rd wr mr mw me ac sd 
7f5c0fd00000-7f5c10b00000 rw-p 00000000 00:00 0 
Size:              14336 kB
Rss:               13592 kB
Pss:               13592 kB
Shared_Clean:          0 kB
Shared_Dirty:          0 kB
Private_Clean:         0 kB
Private_Dirty:     13592 kB
Referenced:        13592 kB
Anonymous:         13592 kB
AnonHugePages:         0 kB
Shared_Hugetlb:        0 kB
Private_Hugetlb:       0 kB
Swap:                  0 kB
SwapPss:               0 kB
KernelPageSize:        4 kB
MMUPageSize:           4 kB
Locked:                0 kB
VmFlags: rd wr mr mw me ac sd 
7f5c11300000-7f5c11700000 rw-p 00000000 00:00 0 
Size:               4096 kB
Rss:                3552 kB
Pss:                3552 kB
Shared_Clean:          0 kB
Shared_Dirty:          0 kB
Private_Clean:         0 kB
Private_Dirty:      3552 kB
Referenced:         3552 kB
Anonymous:          3552 kB
AnonHugePages:         0 kB
Shared_Hugetlb:        0 kB
Private_Hugetlb:       0 kB
Swap:                  0 kB
SwapPss:               0 kB
KernelPageSize:        4 kB
MMUPageSize:           4 kB
Locked:                0 kB
VmFlags: rd wr mr mw me ac sd 
7f5c15400000-7f5c15500000 rw-p 00000000 00:00 0 
Size:               1024 kB
Rss:                 100 kB
Pss:                 100 kB
Shared_Clean:          0 kB
Shared_Dirty:          0 kB
Private_Clean:         0 kB
Private_Dirty:       100 kB
Referenced:          100 kB
Anonymous:           100 kB
AnonHugePages:         0 kB
Shared_Hugetlb:        0 kB
Private_Hugetlb:       0 kB
Swap:                  0 kB
SwapPss:               0 kB
KernelPageSize:        4 kB
MMUPageSize:           4 kB
Locked:                0 kB
VmFlags: rd wr mr mw me ac sd 
7f5c15b00000-7f5c15c00000 rw-p 00000000 00:00 0 
Size:               1024 kB
Rss:                 220 kB
Pss:                 220 kB
Shared_Clean:          0 kB
Shared_Dirty:          0 kB
Private_Clean:         0 kB
Private_Dirty:       220 kB
Referenced:          220 kB
Anonymous:           220 kB
AnonHugePages:         0 kB
Shared_Hugetlb:        0 kB
Private_Hugetlb:       0 kB
Swap:                  0 kB
SwapPss:               0 kB
KernelPageSize:        4 kB
MMUPageSize:           4 kB
Locked:                0 kB
VmFlags: rd wr mr mw me ac sd 
7f5c16800000-7f5c17100000 rw-p 00000000 00:00 0 
Size:               9216 kB
Rss:                7512 kB
Pss:                7512 kB
Shared_Clean:          0 kB
Shared_Dirty:          0 kB
Private_Clean:         0 kB
Private_Dirty:      7512 kB
Referenced:         7512 kB
Anonymous:          7512 kB
AnonHugePages:      2048 kB
Shared_Hugetlb:        0 kB
Private_Hugetlb:       0 kB
Swap:                  0 kB
SwapPss:               0 kB
KernelPageSize:        4 kB
MMUPageSize:           4 kB
Locked:                0 kB
VmFlags: rd wr mr mw me ac sd 
7f5c1ac00000-7f5c1ad00000 rw-p 00000000 00:00 0 
Size:               1024 kB
Rss:                 684 kB
Pss:                 684 kB
Shared_Clean:          0 kB
Shared_Dirty:          0 kB
Private_Clean:         0 kB
Private_Dirty:       684 kB
Referenced:          684 kB
Anonymous:           684 kB
AnonHugePages:         0 kB
Shared_Hugetlb:        0 kB
Private_Hugetlb:       0 kB
Swap:                  0 kB
SwapPss:               0 kB
KernelPageSize:        4 kB
MMUPageSize:           4 kB
Locked:                0 kB
VmFlags: rd wr mr mw me ac sd 
7f5c1b900000-7f5c1ba00000 rw-p 00000000 00:00 0 
Size:               1024 kB
Rss:                1016 kB
Pss:                1016 kB
Shared_Clean:          0 kB
Shared_Dirty:          0 kB
Private_Clean:         0 kB
Private_Dirty:      1016 kB
Referenced:         1016 kB
Anonymous:          1016 kB
AnonHugePages:         0 kB
Shared_Hugetlb:        0 kB
Private_Hugetlb:       0 kB
Swap:                  0 kB
SwapPss:               0 kB
KernelPageSize:        4 kB
MMUPageSize:           4 kB
Locked:                0 kB
VmFlags: rd wr mr mw me ac sd 
7f5c1bd00000-7f5c1c000000 rw-p 00000000 00:00 0 
Size:               3072 kB
Rss:                2384 kB
Pss:                2384 kB
Shared_Clean:          0 kB
Shared_Dirty:          0 kB
Private_Clean:         0 kB
Private_Dirty:      2384 kB
Referenced:         2384 kB
Anonymous:          2384 kB
AnonHugePages:         0 kB
Shared_Hugetlb:        0 kB
Private_Hugetlb:       0 kB
Swap:                  0 kB
SwapPss:               0 kB
KernelPageSize:        4 kB
MMUPageSize:           4 kB
Locked:                0 kB
VmFlags: rd wr mr mw me ac sd 
7f5c1c600000-7f5c1d100000 rw-p 00000000 00:00 0 
Size:              11264 kB
Rss:               10560 kB
Pss:               10560 kB
Shared_Clean:          0 kB
Shared_Dirty:          0 kB
Private_Clean:         0 kB
Private_Dirty:     10560 kB
Referenced:        10560 kB
Anonymous:         10560 kB
AnonHugePages:      6144 kB
Shared_Hugetlb:        0 kB
Private_Hugetlb:       0 kB
Swap:                  0 kB
SwapPss:               0 kB
KernelPageSize:        4 kB
MMUPageSize:           4 kB
Locked:                0 kB
VmFlags: rd wr mr mw me ac sd 
7f5c1da00000-7f5c1db00000 rw-p 00000000 00:00 0 
Size:               1024 kB
Rss:                 852 kB
Pss:                 852 kB
Shared_Clean:          0 kB
Shared_Dirty:          0 kB
Private_Clean:         0 kB
Private_Dirty:       852 kB
Referenced:          852 kB
Anonymous:           852 kB
AnonHugePages:         0 kB
Shared_Hugetlb:        0 kB
Private_Hugetlb:       0 kB
Swap:                  0 kB
SwapPss:               0 kB
KernelPageSize:        4 kB
MMUPageSize:           4 kB
Locked:                0 kB
VmFlags: rd wr mr mw me ac sd 
7f5c1dc00000-7f5c1de00000 rw-p 00000000 00:00 0 
Size:               2048 kB
Rss:                2048 kB
Pss:                2048 kB
Shared_Clean:          0 kB
Shared_Dirty:          0 kB
Private_Clean:         0 kB
Private_Dirty:      2048 kB
Referenced:         2048 kB
Anonymous:          2048 kB
AnonHugePages:      2048 kB
Shared_Hugetlb:        0 kB
Private_Hugetlb:       0 kB
Swap:                  0 kB
SwapPss:               0 kB
KernelPageSize:        4 kB
MMUPageSize:           4 kB
Locked:                0 kB
VmFlags: rd wr mr mw me ac sd 
7f5c1e400000-7f5c1e700000 rw-p 00000000 00:00 0 
Size:               3072 kB
Rss:                2800 kB
Pss:                2800 kB
Shared_Clean:          0 kB
Shared_Dirty:          0 kB
Private_Clean:         0 kB
Private_Dirty:      2800 kB
Referenced:         2800 kB
Anonymous:          2800 kB
AnonHugePages:         0 kB
Shared_Hugetlb:        0 kB
Private_Hugetlb:       0 kB
Swap:                  0 kB
SwapPss:               0 kB
KernelPageSize:        4 kB
MMUPageSize:           4 kB
Locked:                0 kB
VmFlags: rd wr mr mw me ac sd 
7f5c1e900000-7f5c1ec00000 rw-p 00000000 00:00 0 
Size:               3072 kB
Rss:                2852 kB
Pss:                2852 kB
Shared_Clean:          0 kB
Shared_Dirty:          0 kB
Private_Clean:         0 kB
Private_Dirty:      2852 kB
Referenced:         2852 kB
Anonymous:          2852 kB
AnonHugePages:         0 kB
Shared_Hugetlb:        0 kB
Private_Hugetlb:       0 kB
Swap:                  0 kB
SwapPss:               0 kB
KernelPageSize:        4 kB
MMUPageSize:           4 kB
Locked:                0 kB
VmFlags: rd wr mr mw me ac sd 
7f5c1ed00000-7f5c1ee00000 rw-p 00000000 00:00 0 
Size:               1024 kB
Rss:                 988 kB
Pss:                 988 kB
Shared_Clean:          0 kB
Shared_Dirty:          0 kB
Private_Clean:         0 kB
Private_Dirty:       988 kB
Referenced:          988 kB
Anonymous:           988 kB
AnonHugePages:         0 kB
Shared_Hugetlb:        0 kB
Private_Hugetlb:       0 kB
Swap:                  0 kB
SwapPss:               0 kB
KernelPageSize:        4 kB
MMUPageSize:           4 kB
Locked:                0 kB
VmFlags: rd wr mr mw me ac sd 
7f5c1f000000-7f5c1f100000 rw-p 00000000 00:00 0 
Size:               1024 kB
Rss:                 956 kB
Pss:                 956 kB
Shared_Clean:          0 kB
Shared_Dirty:          0 kB
Private_Clean:         0 kB
Private_Dirty:       956 kB
Referenced:          956 kB
Anonymous:           956 kB
AnonHugePages:         0 kB
Shared_Hugetlb:        0 kB
Private_Hugetlb:       0 kB
Swap:                  0 kB
SwapPss:               0 kB
KernelPageSize:        4 kB
MMUPageSize:           4 kB
Locked:                0 kB
VmFlags: rd wr mr mw me ac sd 
7f5c20500000-7f5c20600000 rw-p 00000000 00:00 0 
Size:               1024 kB
Rss:                 988 kB
Pss:                 988 kB
Shared_Clean:          0 kB
Shared_Dirty:          0 kB
Private_Clean:         0 kB
Private_Dirty:       988 kB
Referenced:          988 kB
Anonymous:           988 kB
AnonHugePages:         0 kB
Shared_Hugetlb:        0 kB
Private_Hugetlb:       0 kB
Swap:                  0 kB
SwapPss:               0 kB
KernelPageSize:        4 kB
MMUPageSize:           4 kB
Locked:                0 kB
VmFlags: rd wr mr mw me ac sd 
7f5c20800000-7f5c20900000 rw-p 00000000 00:00 0 
Size:               1024 kB
Rss:                 988 kB
Pss:                 988 kB
Shared_Clean:          0 kB
Shared_Dirty:          0 kB
Private_Clean:         0 kB
Private_Dirty:       988 kB
Referenced:          988 kB
Anonymous:           988 kB
AnonHugePages:         0 kB
Shared_Hugetlb:        0 kB
Private_Hugetlb:       0 kB
Swap:                  0 kB
SwapPss:               0 kB
KernelPageSize:        4 kB
MMUPageSize:           4 kB
Locked:                0 kB
VmFlags: rd wr mr mw me ac sd 
7f5c20b00000-7f5c20c00000 rw-p 00000000 00:00 0 
Size:               1024 kB
Rss:                 988 kB
Pss:                 988 kB
Shared_Clean:          0 kB
Shared_Dirty:          0 kB
Private_Clean:         0 kB
Private_Dirty:       988 kB
Referenced:          988 kB
Anonymous:           988 kB
AnonHugePages:         0 kB
Shared_Hugetlb:        0 kB
Private_Hugetlb:       0 kB
Swap:                  0 kB
SwapPss:               0 kB
KernelPageSize:        4 kB
MMUPageSize:           4 kB
Locked:                0 kB
VmFlags: rd wr mr mw me ac sd 
7f5c22000000-7f5c22100000 rw-p 00000000 00:00 0 
Size:               1024 kB
Rss:                 888 kB
Pss:                 888 kB
Shared_Clean:          0 kB
Shared_Dirty:          0 kB
Private_Clean:         0 kB
Private_Dirty:       888 kB
Referenced:          888 kB
Anonymous:           888 kB
AnonHugePages:         0 kB
Shared_Hugetlb:        0 kB
Private_Hugetlb:       0 kB
Swap:                  0 kB
SwapPss:               0 kB
KernelPageSize:        4 kB
MMUPageSize:           4 kB
Locked:                0 kB
VmFlags: rd wr mr mw me ac sd 
7f5c22200000-7f5c22300000 rw-p 00000000 00:00 0 
Size:               1024 kB
Rss:                 896 kB
Pss:                 896 kB
Shared_Clean:          0 kB
Shared_Dirty:          0 kB
Private_Clean:         0 kB
Private_Dirty:       896 kB
Referenced:          896 kB
Anonymous:           896 kB
AnonHugePages:         0 kB
Shared_Hugetlb:        0 kB
Private_Hugetlb:       0 kB
Swap:                  0 kB
SwapPss:               0 kB
KernelPageSize:        4 kB
MMUPageSize:           4 kB
Locked:                0 kB
VmFlags: rd wr mr mw me ac sd 
7f5c22400000-7f5c22500000 rw-p 00000000 00:00 0 
Size:               1024 kB
Rss:                 924 kB
Pss:                 924 kB
Shared_Clean:          0 kB
Shared_Dirty:          0 kB
Private_Clean:         0 kB
Private_Dirty:       924 kB
Referenced:          924 kB
Anonymous:           924 kB
AnonHugePages:         0 kB
Shared_Hugetlb:        0 kB
Private_Hugetlb:       0 kB
Swap:                  0 kB
SwapPss:               0 kB
KernelPageSize:        4 kB
MMUPageSize:           4 kB
Locked:                0 kB
VmFlags: rd wr mr mw me ac sd 
7f5c22700000-7f5c22800000 rw-p 00000000 00:00 0 
Size:               1024 kB
Rss:                 876 kB
Pss:                 876 kB
Shared_Clean:          0 kB
Shared_Dirty:          0 kB
Private_Clean:         0 kB
Private_Dirty:       876 kB
Referenced:          876 kB
Anonymous:           876 kB
AnonHugePages:         0 kB
Shared_Hugetlb:        0 kB
Private_Hugetlb:       0 kB
Swap:                  0 kB
SwapPss:               0 kB
KernelPageSize:        4 kB
MMUPageSize:           4 kB
Locked:                0 kB
VmFlags: rd wr mr mw me ac sd 
7f5c24300000-7f5c24e00000 rw-p 00000000 00:00 0 
Size:              11264 kB
Rss:               10304 kB
Pss:               10304 kB
Shared_Clean:          0 kB
Shared_Dirty:          0 kB
Private_Clean:         0 kB
Private_Dirty:     10304 kB
Referenced:        10304 kB
Anonymous:         10304 kB
AnonHugePages:      4096 kB
Shared_Hugetlb:        0 kB
Private_Hugetlb:       0 kB
Swap:                  0 kB
SwapPss:               0 kB
KernelPageSize:        4 kB
MMUPageSize:           4 kB
Locked:                0 kB
VmFlags: rd wr mr mw me ac sd 
7f5c25200000-7f5c25d00000 rw-p 00000000 00:00 0 
Size:              11264 kB
Rss:               10036 kB
Pss:               10036 kB
Shared_Clean:          0 kB
Shared_Dirty:          0 kB
Private_Clean:         0 kB
Private_Dirty:     10036 kB
Referenced:        10036 kB
Anonymous:         10036 kB
AnonHugePages:      4096 kB
Shared_Hugetlb:        0 kB
Private_Hugetlb:       0 kB
Swap:                  0 kB
SwapPss:               0 kB
KernelPageSize:        4 kB
MMUPageSize:           4 kB
Locked:                0 kB
VmFlags: rd wr mr mw me ac sd 
7f5c267ff000-7f5c26800000 ---p 00000000 00:00 0 
Size:                  4 kB
Rss:                   0 kB
Pss:                   0 kB
Shared_Clean:          0 kB
Shared_Dirty:          0 kB
Private_Clean:         0 kB
Private_Dirty:         0 kB
Referenced:            0 kB
Anonymous:             0 kB
AnonHugePages:         0 kB
Shared_Hugetlb:        0 kB
Private_Hugetlb:       0 kB
Swap:                  0 kB
SwapPss:               0 kB
KernelPageSize:        4 kB
MMUPageSize:           4 kB
Locked:                0 kB
VmFlags: mr mw me ac sd 
7f5c26800000-7f5c27400000 rw-p 00000000 00:00 0 
Size:              12288 kB
Rss:                6076 kB
Pss:                6076 kB
Shared_Clean:          0 kB
Shared_Dirty:          0 kB
Private_Clean:         0 kB
Private_Dirty:      6076 kB
Referenced:         6076 kB
Anonymous:          6076 kB
AnonHugePages:      2048 kB
Shared_Hugetlb:        0 kB
Private_Hugetlb:       0 kB
Swap:                  0 kB
SwapPss:               0 kB
KernelPageSize:        4 kB
MMUPageSize:           4 kB
Locked:                0 kB
VmFlags: rd wr mr mw me ac sd 
7f5c27500000-7f5c27a00000 rw-p 00000000 00:00 0 
Size:               5120 kB
Rss:                3444 kB
Pss:                3444 kB
Shared_Clean:          0 kB
Shared_Dirty:          0 kB
Private_Clean:         0 kB
Private_Dirty:      3444 kB
Referenced:         3444 kB
Anonymous:          3444 kB
AnonHugePages:         0 kB
Shared_Hugetlb:        0 kB
Private_Hugetlb:       0 kB
Swap:                  0 kB
SwapPss:               0 kB
KernelPageSize:        4 kB
MMUPageSize:           4 kB
Locked:                0 kB
VmFlags: rd wr mr mw me ac sd 
7f5c27c00000-7f5c27e00000 rw-p 00000000 00:00 0 
Size:               2048 kB
Rss:                1136 kB
Pss:                1136 kB
Shared_Clean:          0 kB
Shared_Dirty:          0 kB
Private_Clean:         0 kB
Private_Dirty:      1136 kB
Referenced:         1136 kB
Anonymous:          1136 kB
AnonHugePages:         0 kB
Shared_Hugetlb:        0 kB
Private_Hugetlb:       0 kB
Swap:                  0 kB
SwapPss:               0 kB
KernelPageSize:        4 kB
MMUPageSize:           4 kB
Locked:                0 kB
VmFlags: rd wr mr mw me ac sd 
7f5c28000000-7f5c28d00000 rw-p 00000000 00:00 0 
Size:              13312 kB
Rss:               12044 kB
Pss:               12044 kB
Shared_Clean:          0 kB
Shared_Dirty:          0 kB
Private_Clean:         0 kB
Private_Dirty:     12044 kB
Referenced:        12044 kB
Anonymous:         12044 kB
AnonHugePages:         0 kB
Shared_Hugetlb:        0 kB
Private_Hugetlb:       0 kB
Swap:                  0 kB
SwapPss:               0 kB
KernelPageSize:        4 kB
MMUPageSize:           4 kB
Locked:                0 kB
VmFlags: rd wr mr mw me ac sd 
7f5c28f00000-7f5c29000000 rw-p 00000000 00:00 0 
Size:               1024 kB
Rss:                 996 kB
Pss:                 996 kB
Shared_Clean:          0 kB
Shared_Dirty:          0 kB
Private_Clean:         0 kB
Private_Dirty:       996 kB
Referenced:          996 kB
Anonymous:           996 kB
AnonHugePages:         0 kB
Shared_Hugetlb:        0 kB
Private_Hugetlb:       0 kB
Swap:                  0 kB
SwapPss:               0 kB
KernelPageSize:        4 kB
MMUPageSize:           4 kB
Locked:                0 kB
VmFlags: rd wr mr mw me ac sd 
7f5c29200000-7f5c29700000 rw-p 00000000 00:00 0 
Size:               5120 kB
Rss:                3764 kB
Pss:                3764 kB
Shared_Clean:          0 kB
Shared_Dirty:          0 kB
Private_Clean:         0 kB
Private_Dirty:      3764 kB
Referenced:         3764 kB
Anonymous:          3764 kB
AnonHugePages:         0 kB
Shared_Hugetlb:        0 kB
Private_Hugetlb:       0 kB
Swap:                  0 kB
SwapPss:               0 kB
KernelPageSize:        4 kB
MMUPageSize:           4 kB
Locked:                0 kB
VmFlags: rd wr mr mw me ac sd 
7f5c29900000-7f5c29e00000 rw-p 00000000 00:00 0 
Size:               5120 kB
Rss:                4240 kB
Pss:                4240 kB
Shared_Clean:          0 kB
Shared_Dirty:          0 kB
Private_Clean:         0 kB
Private_Dirty:      4240 kB
Referenced:         4240 kB
Anonymous:          4240 kB
AnonHugePages:         0 kB
Shared_Hugetlb:        0 kB
Private_Hugetlb:       0 kB
Swap:                  0 kB
SwapPss:               0 kB
KernelPageSize:        4 kB
MMUPageSize:           4 kB
Locked:                0 kB
VmFlags: rd wr mr mw me ac sd 
7f5c29f00000-7f5c2a400000 rw-p 00000000 00:00 0 
Size:               5120 kB
Rss:                3196 kB
Pss:                3196 kB
Shared_Clean:          0 kB
Shared_Dirty:          0 kB
Private_Clean:         0 kB
Private_Dirty:      3196 kB
Referenced:         3196 kB
Anonymous:          3196 kB
AnonHugePages:         0 kB
Shared_Hugetlb:        0 kB
Private_Hugetlb:       0 kB
Swap:                  0 kB
SwapPss:               0 kB
KernelPageSize:        4 kB
MMUPageSize:           4 kB
Locked:                0 kB
VmFlags: rd wr mr mw me ac sd 
7f5c2abfb000-7f5c2abfc000 ---p 00000000 00:00 0 
Size:                  4 kB
Rss:                   0 kB
Pss:                   0 kB
Shared_Clean:          0 kB
Shared_Dirty:          0 kB
Private_Clean:         0 kB
Private_Dirty:         0 kB
Referenced:            0 kB
Anonymous:             0 kB
AnonHugePages:         0 kB
Shared_Hugetlb:        0 kB
Private_Hugetlb:       0 kB
Swap:                  0 kB
SwapPss:               0 kB
KernelPageSize:        4 kB
MMUPageSize:           4 kB
Locked:                0 kB
VmFlags: mr mw me ac sd 
7f5c2abfc000-7f5c2b3fc000 rw-p 00000000 00:00 0 
Size:               8192 kB
Rss:                  16 kB
Pss:                  16 kB
Shared_Clean:          0 kB
Shared_Dirty:          0 kB
Private_Clean:         0 kB
Private_Dirty:        16 kB
Referenced:           16 kB
Anonymous:            16 kB
AnonHugePages:         0 kB
Shared_Hugetlb:        0 kB
Private_Hugetlb:       0 kB
Swap:                  0 kB
SwapPss:               0 kB
KernelPageSize:        4 kB
MMUPageSize:           4 kB
Locked:                0 kB
VmFlags: rd wr mr mw me ac sd 
7f5c2b3fc000-7f5c2b3fd000 ---p 00000000 00:00 0 
Size:                  4 kB
Rss:                   0 kB
Pss:                   0 kB
Shared_Clean:          0 kB
Shared_Dirty:          0 kB
Private_Clean:         0 kB
Private_Dirty:         0 kB
Referenced:            0 kB
Anonymous:             0 kB
AnonHugePages:         0 kB
Shared_Hugetlb:        0 kB
Private_Hugetlb:       0 kB
Swap:                  0 kB
SwapPss:               0 kB
KernelPageSize:        4 kB
MMUPageSize:           4 kB
Locked:                0 kB
VmFlags: mr mw me ac sd 
7f5c2b3fd000-7f5c2bbfd000 rw-p 00000000 00:00 0 
Size:               8192 kB
Rss:                  12 kB
Pss:                  12 kB
Shared_Clean:          0 kB
Shared_Dirty:          0 kB
Private_Clean:         0 kB
Private_Dirty:        12 kB
Referenced:           12 kB
Anonymous:            12 kB
AnonHugePages:         0 kB
Shared_Hugetlb:        0 kB
Private_Hugetlb:       0 kB
Swap:                  0 kB
SwapPss:               0 kB
KernelPageSize:        4 kB
MMUPageSize:           4 kB
Locked:                0 kB
VmFlags: rd wr mr mw me ac sd 
7f5c2bbfd000-7f5c2bbfe000 ---p 00000000 00:00 0 
Size:                  4 kB
Rss:                   0 kB
Pss:                   0 kB
Shared_Clean:          0 kB
Shared_Dirty:          0 kB
Private_Clean:         0 kB
Private_Dirty:         0 kB
Referenced:            0 kB
Anonymous:             0 kB
AnonHugePages:         0 kB
Shared_Hugetlb:        0 kB
Private_Hugetlb:       0 kB
Swap:                  0 kB
SwapPss:               0 kB
KernelPageSize:        4 kB
MMUPageSize:           4 kB
Locked:                0 kB
VmFlags: mr mw me ac sd 
7f5c2bbfe000-7f5c2c3fe000 rw-p 00000000 00:00 0 
Size:               8192 kB
Rss:                  16 kB
Pss:                  16 kB
Shared_Clean:          0 kB
Shared_Dirty:          0 kB
Private_Clean:         0 kB
Private_Dirty:        16 kB
Referenced:           16 kB
Anonymous:            16 kB
AnonHugePages:         0 kB
Shared_Hugetlb:        0 kB
Private_Hugetlb:       0 kB
Swap:                  0 kB
SwapPss:               0 kB
KernelPageSize:        4 kB
MMUPageSize:           4 kB
Locked:                0 kB
VmFlags: rd wr mr mw me ac sd 
7f5c2c3fe000-7f5c2c3ff000 ---p 00000000 00:00 0 
Size:                  4 kB
Rss:                   0 kB
Pss:                   0 kB
Shared_Clean:          0 kB
Shared_Dirty:          0 kB
Private_Clean:         0 kB
Private_Dirty:         0 kB
Referenced:            0 kB
Anonymous:             0 kB
AnonHugePages:         0 kB
Shared_Hugetlb:        0 kB
Private_Hugetlb:       0 kB
Swap:                  0 kB
SwapPss:               0 kB
KernelPageSize:        4 kB
MMUPageSize:           4 kB
Locked:                0 kB
VmFlags: mr mw me ac sd 
7f5c2c3ff000-7f5c2cbff000 rw-p 00000000 00:00 0 
Size:               8192 kB
Rss:                  20 kB
Pss:                  20 kB
Shared_Clean:          0 kB
Shared_Dirty:          0 kB
Private_Clean:         0 kB
Private_Dirty:        20 kB
Referenced:           20 kB
Anonymous:            20 kB
AnonHugePages:         0 kB
Shared_Hugetlb:        0 kB
Private_Hugetlb:       0 kB
Swap:                  0 kB
SwapPss:               0 kB
KernelPageSize:        4 kB
MMUPageSize:           4 kB
Locked:                0 kB
VmFlags: rd wr mr mw me ac sd 
7f5c2cbff000-7f5c2cc00000 ---p 00000000 00:00 0 
Size:                  4 kB
Rss:                   0 kB
Pss:                   0 kB
Shared_Clean:          0 kB
Shared_Dirty:          0 kB
Private_Clean:         0 kB
Private_Dirty:         0 kB
Referenced:            0 kB
Anonymous:             0 kB
AnonHugePages:         0 kB
Shared_Hugetlb:        0 kB
Private_Hugetlb:       0 kB
Swap:                  0 kB
SwapPss:               0 kB
KernelPageSize:        4 kB
MMUPageSize:           4 kB
Locked:                0 kB
VmFlags: mr mw me ac sd 
7f5c2cc00000-7f5c2df00000 rw-p 00000000 00:00 0 
Size:              19456 kB
Rss:               12644 kB
Pss:               12644 kB
Shared_Clean:          0 kB
Shared_Dirty:          0 kB
Private_Clean:         0 kB
Private_Dirty:     12644 kB
Referenced:        12644 kB
Anonymous:         12644 kB
AnonHugePages:      2048 kB
Shared_Hugetlb:        0 kB
Private_Hugetlb:       0 kB
Swap:                  0 kB
SwapPss:               0 kB
KernelPageSize:        4 kB
MMUPageSize:           4 kB
Locked:                0 kB
VmFlags: rd wr mr mw me ac sd 
7f5c2e100000-7f5c2ef00000 rw-p 00000000 00:00 0 
Size:              14336 kB
Rss:               13680 kB
Pss:               13680 kB
Shared_Clean:          0 kB
Shared_Dirty:          0 kB
Private_Clean:         0 kB
Private_Dirty:     13680 kB
Referenced:        13680 kB
Anonymous:         13680 kB
AnonHugePages:         0 kB
Shared_Hugetlb:        0 kB
Private_Hugetlb:       0 kB
Swap:                  0 kB
SwapPss:               0 kB
KernelPageSize:        4 kB
MMUPageSize:           4 kB
Locked:                0 kB
VmFlags: rd wr mr mw me ac sd 
7f5c2f000000-7f5c2f200000 rw-p 00000000 00:00 0 
Size:               2048 kB
Rss:                1724 kB
Pss:                1724 kB
Shared_Clean:          0 kB
Shared_Dirty:          0 kB
Private_Clean:         0 kB
Private_Dirty:      1724 kB
Referenced:         1724 kB
Anonymous:          1724 kB
AnonHugePages:         0 kB
Shared_Hugetlb:        0 kB
Private_Hugetlb:       0 kB
Swap:                  0 kB
SwapPss:               0 kB
KernelPageSize:        4 kB
MMUPageSize:           4 kB
Locked:                0 kB
VmFlags: rd wr mr mw me ac sd 
7f5c2f600000-7f5c2f800000 rw-p 00000000 00:00 0 
Size:               2048 kB
Rss:                1268 kB
Pss:                1268 kB
Shared_Clean:          0 kB
Shared_Dirty:          0 kB
Private_Clean:         0 kB
Private_Dirty:      1268 kB
Referenced:         1268 kB
Anonymous:          1268 kB
AnonHugePages:         0 kB
Shared_Hugetlb:        0 kB
Private_Hugetlb:       0 kB
Swap:                  0 kB
SwapPss:               0 kB
KernelPageSize:        4 kB
MMUPageSize:           4 kB
Locked:                0 kB
VmFlags: rd wr mr mw me ac sd 
7f5c2f900000-7f5c2fe00000 rw-p 00000000 00:00 0 
Size:               5120 kB
Rss:                3648 kB
Pss:                3648 kB
Shared_Clean:          0 kB
Shared_Dirty:          0 kB
Private_Clean:         0 kB
Private_Dirty:      3648 kB
Referenced:         3648 kB
Anonymous:          3648 kB
AnonHugePages:         0 kB
Shared_Hugetlb:        0 kB
Private_Hugetlb:       0 kB
Swap:                  0 kB
SwapPss:               0 kB
KernelPageSize:        4 kB
MMUPageSize:           4 kB
Locked:                0 kB
VmFlags: rd wr mr mw me ac sd 
7f5c2ff00000-7f5c30000000 rw-p 00000000 00:00 0 
Size:               1024 kB
Rss:                 992 kB
Pss:                 992 kB
Shared_Clean:          0 kB
Shared_Dirty:          0 kB
Private_Clean:         0 kB
Private_Dirty:       992 kB
Referenced:          992 kB
Anonymous:           992 kB
AnonHugePages:         0 kB
Shared_Hugetlb:        0 kB
Private_Hugetlb:       0 kB
Swap:                  0 kB
SwapPss:               0 kB
KernelPageSize:        4 kB
MMUPageSize:           4 kB
Locked:                0 kB
VmFlags: rd wr mr mw me ac sd 
7f5c30100000-7f5c30200000 rw-p 00000000 00:00 0 
Size:               1024 kB
Rss:                 972 kB
Pss:                 972 kB
Shared_Clean:          0 kB
Shared_Dirty:          0 kB
Private_Clean:         0 kB
Private_Dirty:       972 kB
Referenced:          972 kB
Anonymous:           972 kB
AnonHugePages:         0 kB
Shared_Hugetlb:        0 kB
Private_Hugetlb:       0 kB
Swap:                  0 kB
SwapPss:               0 kB
KernelPageSize:        4 kB
MMUPageSize:           4 kB
Locked:                0 kB
VmFlags: rd wr mr mw me ac sd 
7f5c30300000-7f5c30800000 rw-p 00000000 00:00 0 
Size:               5120 kB
Rss:                4920 kB
Pss:                4920 kB
Shared_Clean:          0 kB
Shared_Dirty:          0 kB
Private_Clean:         0 kB
Private_Dirty:      4920 kB
Referenced:         4920 kB
Anonymous:          4920 kB
AnonHugePages:         0 kB
Shared_Hugetlb:        0 kB
Private_Hugetlb:       0 kB
Swap:                  0 kB
SwapPss:               0 kB
KernelPageSize:        4 kB
MMUPageSize:           4 kB
Locked:                0 kB
VmFlags: rd wr mr mw me ac sd 
7f5c30a00000-7f5c31400000 rw-p 00000000 00:00 0 
Size:              10240 kB
Rss:                8072 kB
Pss:                8072 kB
Shared_Clean:          0 kB
Shared_Dirty:          0 kB
Private_Clean:         0 kB
Private_Dirty:      8072 kB
Referenced:         8072 kB
Anonymous:          8072 kB
AnonHugePages:         0 kB
Shared_Hugetlb:        0 kB
Private_Hugetlb:       0 kB
Swap:                  0 kB
SwapPss:               0 kB
KernelPageSize:        4 kB
MMUPageSize:           4 kB
Locked:                0 kB
VmFlags: rd wr mr mw me ac sd 
7f5c31500000-7f5c31c00000 rw-p 00000000 00:00 0 
Size:               7168 kB
Rss:                6116 kB
Pss:                6116 kB
Shared_Clean:          0 kB
Shared_Dirty:          0 kB
Private_Clean:         0 kB
Private_Dirty:      6116 kB
Referenced:         6116 kB
Anonymous:          6116 kB
AnonHugePages:         0 kB
Shared_Hugetlb:        0 kB
Private_Hugetlb:       0 kB
Swap:                  0 kB
SwapPss:               0 kB
KernelPageSize:        4 kB
MMUPageSize:           4 kB
Locked:                0 kB
VmFlags: rd wr mr mw me ac sd 
7f5c331ff000-7f5c33200000 ---p 00000000 00:00 0 
Size:                  4 kB
Rss:                   0 kB
Pss:                   0 kB
Shared_Clean:          0 kB
Shared_Dirty:          0 kB
Private_Clean:         0 kB
Private_Dirty:         0 kB
Referenced:            0 kB
Anonymous:             0 kB
AnonHugePages:         0 kB
Shared_Hugetlb:        0 kB
Private_Hugetlb:       0 kB
Swap:                  0 kB
SwapPss:               0 kB
KernelPageSize:        4 kB
MMUPageSize:           4 kB
Locked:                0 kB
VmFlags: mr mw me ac sd 
7f5c33200000-7f5c33a00000 rw-p 00000000 00:00 0 
Size:               8192 kB
Rss:                2048 kB
Pss:                2048 kB
Shared_Clean:          0 kB
Shared_Dirty:          0 kB
Private_Clean:         0 kB
Private_Dirty:      2048 kB
Referenced:         2048 kB
Anonymous:          2048 kB
AnonHugePages:      2048 kB
Shared_Hugetlb:        0 kB
Private_Hugetlb:       0 kB
Swap:                  0 kB
SwapPss:               0 kB
KernelPageSize:        4 kB
MMUPageSize:           4 kB
Locked:                0 kB
VmFlags: rd wr mr mw me ac sd 
7f5c341ff000-7f5c34200000 ---p 00000000 00:00 0 
Size:                  4 kB
Rss:                   0 kB
Pss:                   0 kB
Shared_Clean:          0 kB
Shared_Dirty:          0 kB
Private_Clean:         0 kB
Private_Dirty:         0 kB
Referenced:            0 kB
Anonymous:             0 kB
AnonHugePages:         0 kB
Shared_Hugetlb:        0 kB
Private_Hugetlb:       0 kB
Swap:                  0 kB
SwapPss:               0 kB
KernelPageSize:        4 kB
MMUPageSize:           4 kB
Locked:                0 kB
VmFlags: mr mw me ac sd 
7f5c34200000-7f5c34a00000 rw-p 00000000 00:00 0 
Size:               8192 kB
Rss:                2048 kB
Pss:                2048 kB
Shared_Clean:          0 kB
Shared_Dirty:          0 kB
Private_Clean:         0 kB
Private_Dirty:      2048 kB
Referenced:         2048 kB
Anonymous:          2048 kB
AnonHugePages:      2048 kB
Shared_Hugetlb:        0 kB
Private_Hugetlb:       0 kB
Swap:                  0 kB
SwapPss:               0 kB
KernelPageSize:        4 kB
MMUPageSize:           4 kB
Locked:                0 kB
VmFlags: rd wr mr mw me ac sd 
7f5c34afd000-7f5c34afe000 ---p 00000000 00:00 0 
Size:                  4 kB
Rss:                   0 kB
Pss:                   0 kB
Shared_Clean:          0 kB
Shared_Dirty:          0 kB
Private_Clean:         0 kB
Private_Dirty:         0 kB
Referenced:            0 kB
Anonymous:             0 kB
AnonHugePages:         0 kB
Shared_Hugetlb:        0 kB
Private_Hugetlb:       0 kB
Swap:                  0 kB
SwapPss:               0 kB
KernelPageSize:        4 kB
MMUPageSize:           4 kB
Locked:                0 kB
VmFlags: mr mw me ac sd 
7f5c34afe000-7f5c352fe000 rw-p 00000000 00:00 0 
Size:               8192 kB
Rss:                  20 kB
Pss:                  20 kB
Shared_Clean:          0 kB
Shared_Dirty:          0 kB
Private_Clean:         0 kB
Private_Dirty:        20 kB
Referenced:           20 kB
Anonymous:            20 kB
AnonHugePages:         0 kB
Shared_Hugetlb:        0 kB
Private_Hugetlb:       0 kB
Swap:                  0 kB
SwapPss:               0 kB
KernelPageSize:        4 kB
MMUPageSize:           4 kB
Locked:                0 kB
VmFlags: rd wr mr mw me ac sd 
7f5c352fe000-7f5c352ff000 ---p 00000000 00:00 0 
Size:                  4 kB
Rss:                   0 kB
Pss:                   0 kB
Shared_Clean:          0 kB
Shared_Dirty:          0 kB
Private_Clean:         0 kB
Private_Dirty:         0 kB
Referenced:            0 kB
Anonymous:             0 kB
AnonHugePages:         0 kB
Shared_Hugetlb:        0 kB
Private_Hugetlb:       0 kB
Swap:                  0 kB
SwapPss:               0 kB
KernelPageSize:        4 kB
MMUPageSize:           4 kB
Locked:                0 kB
VmFlags: mr mw me ac sd 
7f5c352ff000-7f5c35aff000 rw-p 00000000 00:00 0 
Size:               8192 kB
Rss:                  20 kB
Pss:                  20 kB
Shared_Clean:          0 kB
Shared_Dirty:          0 kB
Private_Clean:         0 kB
Private_Dirty:        20 kB
Referenced:           20 kB
Anonymous:            20 kB
AnonHugePages:         0 kB
Shared_Hugetlb:        0 kB
Private_Hugetlb:       0 kB
Swap:                  0 kB
SwapPss:               0 kB
KernelPageSize:        4 kB
MMUPageSize:           4 kB
Locked:                0 kB
VmFlags: rd wr mr mw me ac sd 
7f5c35aff000-7f5c35b00000 ---p 00000000 00:00 0 
Size:                  4 kB
Rss:                   0 kB
Pss:                   0 kB
Shared_Clean:          0 kB
Shared_Dirty:          0 kB
Private_Clean:         0 kB
Private_Dirty:         0 kB
Referenced:            0 kB
Anonymous:             0 kB
AnonHugePages:         0 kB
Shared_Hugetlb:        0 kB
Private_Hugetlb:       0 kB
Swap:                  0 kB
SwapPss:               0 kB
KernelPageSize:        4 kB
MMUPageSize:           4 kB
Locked:                0 kB
VmFlags: mr mw me ac sd 
7f5c35b00000-7f5c36400000 rw-p 00000000 00:00 0 
Size:               9216 kB
Rss:                 884 kB
Pss:                 884 kB
Shared_Clean:          0 kB
Shared_Dirty:          0 kB
Private_Clean:         0 kB
Private_Dirty:       884 kB
Referenced:          884 kB
Anonymous:           884 kB
AnonHugePages:         0 kB
Shared_Hugetlb:        0 kB
Private_Hugetlb:       0 kB
Swap:                  0 kB
SwapPss:               0 kB
KernelPageSize:        4 kB
MMUPageSize:           4 kB
Locked:                0 kB
VmFlags: rd wr mr mw me ac sd 
7f5c36a00000-7f5c36b00000 rw-p 00000000 00:00 0 
Size:               1024 kB
Rss:                 608 kB
Pss:                 608 kB
Shared_Clean:          0 kB
Shared_Dirty:          0 kB
Private_Clean:         0 kB
Private_Dirty:       608 kB
Referenced:          608 kB
Anonymous:           608 kB
AnonHugePages:         0 kB
Shared_Hugetlb:        0 kB
Private_Hugetlb:       0 kB
Swap:                  0 kB
SwapPss:               0 kB
KernelPageSize:        4 kB
MMUPageSize:           4 kB
Locked:                0 kB
VmFlags: rd wr mr mw me ac sd 
7f5c37000000-7f5c37200000 rw-p 00000000 00:00 0 
Size:               2048 kB
Rss:                  84 kB
Pss:                  84 kB
Shared_Clean:          0 kB
Shared_Dirty:          0 kB
Private_Clean:         0 kB
Private_Dirty:        84 kB
Referenced:           84 kB
Anonymous:            84 kB
AnonHugePages:         0 kB
Shared_Hugetlb:        0 kB
Private_Hugetlb:       0 kB
Swap:                  0 kB
SwapPss:               0 kB
KernelPageSize:        4 kB
MMUPageSize:           4 kB
Locked:                0 kB
VmFlags: rd wr mr mw me ac sd 
7f5c372ff000-7f5c37300000 ---p 00000000 00:00 0 
Size:                  4 kB
Rss:                   0 kB
Pss:                   0 kB
Shared_Clean:          0 kB
Shared_Dirty:          0 kB
Private_Clean:         0 kB
Private_Dirty:         0 kB
Referenced:            0 kB
Anonymous:             0 kB
AnonHugePages:         0 kB
Shared_Hugetlb:        0 kB
Private_Hugetlb:       0 kB
Swap:                  0 kB
SwapPss:               0 kB
KernelPageSize:        4 kB
MMUPageSize:           4 kB
Locked:                0 kB
VmFlags: mr mw me ac sd 
7f5c37300000-7f5c37d00000 rw-p 00000000 00:00 0 
Size:              10240 kB
Rss:                2060 kB
Pss:                2060 kB
Shared_Clean:          0 kB
Shared_Dirty:          0 kB
Private_Clean:         0 kB
Private_Dirty:      2060 kB
Referenced:         2060 kB
Anonymous:          2060 kB
AnonHugePages:         0 kB
Shared_Hugetlb:        0 kB
Private_Hugetlb:       0 kB
Swap:                  0 kB
SwapPss:               0 kB
KernelPageSize:        4 kB
MMUPageSize:           4 kB
Locked:                0 kB
VmFlags: rd wr mr mw me ac sd 
7f5c37dff000-7f5c37e00000 ---p 00000000 00:00 0 
Size:                  4 kB
Rss:                   0 kB
Pss:                   0 kB
Shared_Clean:          0 kB
Shared_Dirty:          0 kB
Private_Clean:         0 kB
Private_Dirty:         0 kB
Referenced:            0 kB
Anonymous:             0 kB
AnonHugePages:         0 kB
Shared_Hugetlb:        0 kB
Private_Hugetlb:       0 kB
Swap:                  0 kB
SwapPss:               0 kB
KernelPageSize:        4 kB
MMUPageSize:           4 kB
Locked:                0 kB
VmFlags: mr mw me ac sd 
7f5c37e00000-7f5c38b00000 rw-p 00000000 00:00 0 
Size:              13312 kB
Rss:                6008 kB
Pss:                6008 kB
Shared_Clean:          0 kB
Shared_Dirty:          0 kB
Private_Clean:         0 kB
Private_Dirty:      6008 kB
Referenced:         6008 kB
Anonymous:          6008 kB
AnonHugePages:      2048 kB
Shared_Hugetlb:        0 kB
Private_Hugetlb:       0 kB
Swap:                  0 kB
SwapPss:               0 kB
KernelPageSize:        4 kB
MMUPageSize:           4 kB
Locked:                0 kB
VmFlags: rd wr mr mw me ac sd 
7f5c38b00000-7f5c38f00000 rw-p 00000000 00:00 0 
Size:               4096 kB
Rss:                3092 kB
Pss:                3092 kB
Shared_Clean:          0 kB
Shared_Dirty:          0 kB
Private_Clean:         0 kB
Private_Dirty:      3092 kB
Referenced:         3092 kB
Anonymous:          3092 kB
AnonHugePages:         0 kB
Shared_Hugetlb:        0 kB
Private_Hugetlb:       0 kB
Swap:                  0 kB
SwapPss:               0 kB
KernelPageSize:        4 kB
MMUPageSize:           4 kB
Locked:                0 kB
VmFlags: rd wr mr mw me ac sd 
7f5c38f00000-7f5c39400000 rw-p 00000000 00:00 0 
Size:               5120 kB
Rss:                3360 kB
Pss:                3360 kB
Shared_Clean:          0 kB
Shared_Dirty:          0 kB
Private_Clean:         0 kB
Private_Dirty:      3360 kB
Referenced:         3360 kB
Anonymous:          3360 kB
AnonHugePages:         0 kB
Shared_Hugetlb:        0 kB
Private_Hugetlb:       0 kB
Swap:                  0 kB
SwapPss:               0 kB
KernelPageSize:        4 kB
MMUPageSize:           4 kB
Locked:                0 kB
VmFlags: rd wr mr mw me ac sd 
7f5c39400000-7f5c39f00000 rw-p 00000000 00:00 0 
Size:              11264 kB
Rss:                9964 kB
Pss:                9964 kB
Shared_Clean:          0 kB
Shared_Dirty:          0 kB
Private_Clean:         0 kB
Private_Dirty:      9964 kB
Referenced:         9964 kB
Anonymous:          9964 kB
AnonHugePages:      4096 kB
Shared_Hugetlb:        0 kB
Private_Hugetlb:       0 kB
Swap:                  0 kB
SwapPss:               0 kB
KernelPageSize:        4 kB
MMUPageSize:           4 kB
Locked:                0 kB
VmFlags: rd wr mr mw me ac sd 
7f5c39f00000-7f5c3b000000 rw-p 00000000 00:00 0 
Size:              17408 kB
Rss:               13604 kB
Pss:               13604 kB
Shared_Clean:          0 kB
